$ turbo format --continue -- --check
 WARNING  failed to get git status for dirty hash: Git error: fatal: not a git repository (or any of the parent directories): .git


   • Packages in scope: @homarr/analytics, @homarr/api, @homarr/auth, @homarr/boards, @homarr/cli, @homarr/common, @homarr/core, @homarr/cron-job-status, @homarr/cron-jobs, @homarr/cron-jobs-core, @homarr/custom-widgets, @homarr/db, @homarr/definitions, @homarr/docker, @homarr/docs, @homarr/form, @homarr/forms-collection, @homarr/github, @homarr/icons, @homarr/image-proxy, @homarr/integrations, @homarr/modals, @homarr/modals-collection, @homarr/nextjs, @homarr/notifications, @homarr/onboarding, @homarr/ping, @homarr/redis, @homarr/request-handler, @homarr/server-settings, @homarr/settings, @homarr/spotlight, @homarr/tasks, @homarr/translation, @homarr/tsconfig, @homarr/ui, @homarr/validation, @homarr/websocket, @homarr/widgets, @homarr/workshop
   • Running format in 40 packages
   • Remote caching disabled

@homarr/redis:format: cache miss, executing f6e257eb5f3ecf2a
@homarr/cli:format: cache miss, executing d213be5721cd2db1
@homarr/docs:format: cache miss, executing 871d13747ba3d53e
@homarr/common:format: cache miss, executing 0c08a9a4e0974998
@homarr/modals-collection:format: cache miss, executing c17123462d86d4d3
@homarr/auth:format: cache miss, executing 162bbd57f88423f2
@homarr/boards:format: cache miss, executing ef06ca1f2d319897
@homarr/cron-job-status:format: cache miss, executing 9f04b9c0b39ddda6
@homarr/workshop:format: cache miss, executing 84593982b2e960f1
@homarr/ping:format: cache miss, executing 399427691127a08c
@homarr/boards:format: $ oxfmt . --check
@homarr/common:format: $ oxfmt . --check
@homarr/cli:format: $ oxfmt . --check
@homarr/workshop:format: $ oxfmt . --check
@homarr/auth:format: $ oxfmt . --check
@homarr/modals-collection:format: $ oxfmt . --check
@homarr/docs:format: $ oxfmt . --check
@homarr/redis:format: $ oxfmt . --check
@homarr/cron-job-status:format: $ oxfmt . --check
@homarr/ping:format: $ oxfmt . --check
@homarr/boards:format: Checking formatting...
@homarr/boards:format:
@homarr/boards:format: All matched files use the correct format.
@homarr/boards:format: Finished in 225ms on 9 files using 20 threads.
@homarr/common:format: Checking formatting...
@homarr/common:format:
@homarr/cli:format: Checking formatting...
@homarr/cli:format:
@homarr/common:format: All matched files use the correct format.
@homarr/common:format: Finished in 292ms on 52 files using 20 threads.
@homarr/cli:format: All matched files use the correct format.
@homarr/cli:format: Finished in 287ms on 15 files using 20 threads.
@homarr/auth:format: Checking formatting...
@homarr/auth:format:
@homarr/workshop:format: Checking formatting...
@homarr/workshop:format:
@homarr/redis:format: Checking formatting...
@homarr/redis:format:
@homarr/workshop:format: All matched files use the correct format.
@homarr/workshop:format: Finished in 391ms on 8 files using 20 threads.
@homarr/auth:format: All matched files use the correct format.
@homarr/auth:format: Finished in 344ms on 50 files using 20 threads.
@homarr/redis:format: All matched files use the correct format.
@homarr/redis:format: Finished in 305ms on 8 files using 20 threads.
@homarr/notifications:format: cache miss, executing 60f5482ecb436945
@homarr/image-proxy:format: cache miss, executing 9348c2b30571b820
@homarr/docs:format: Checking formatting...
@homarr/docs:format:
@homarr/ping:format: Checking formatting...
@homarr/ping:format:
@homarr/ping:format: All matched files use the correct format.
@homarr/ping:format: Finished in 291ms on 4 files using 20 threads.
@homarr/websocket:format: cache miss, executing ec94f83397b7dd2d
@homarr/onboarding:format: cache miss, executing ca3eea0533c54202
@homarr/forms-collection:format: cache miss, executing 2023457cc3a38a38
@homarr/modals-collection:format: Checking formatting...
@homarr/modals-collection:format:
@homarr/modals-collection:format: All matched files use the correct format.
@homarr/modals-collection:format: Finished in 349ms on 13 files using 20 threads.
@homarr/cron-jobs:format: cache miss, executing 8954200c9e3f391f
@homarr/modals:format: cache miss, executing bfe0c421838d8053
@homarr/cron-job-status:format: Checking formatting...
@homarr/cron-job-status:format:
@homarr/cron-job-status:format: All matched files use the correct format.
@homarr/cron-job-status:format: Finished in 438ms on 5 files using 20 threads.
@homarr/db:format: cache miss, executing fbb587062ad1b27e
@homarr/definitions:format: cache miss, executing 4c4e81310b31ff3d
@homarr/onboarding:format: $ oxfmt . --check
@homarr/forms-collection:format: $ oxfmt . --check
@homarr/websocket:format: $ oxfmt . --check
@homarr/onboarding:format: Checking formatting...
@homarr/onboarding:format:
@homarr/notifications:format: $ oxfmt . --check
@homarr/onboarding:format: All matched files use the correct format.
@homarr/onboarding:format: Finished in 293ms on 24 files using 20 threads.
@homarr/image-proxy:format: $ oxfmt . --check
@homarr/cron-jobs-core:format: cache miss, executing 3b5a5547880a039d
@homarr/forms-collection:format: Checking formatting...
@homarr/forms-collection:format:
@homarr/forms-collection:format: All matched files use the correct format.
@homarr/forms-collection:format: Finished in 321ms on 14 files using 20 threads.
@homarr/websocket:format: Checking formatting...
@homarr/websocket:format:
@homarr/cron-jobs:format: $ oxfmt . --check
@homarr/websocket:format: All matched files use the correct format.
@homarr/websocket:format: Finished in 289ms on 3 files using 20 threads.
@homarr/definitions:format: $ oxfmt . --check
@homarr/docker:format: cache miss, executing 550b183b246d2901
@homarr/image-proxy:format: Checking formatting...
@homarr/image-proxy:format:
@homarr/db:format: $ oxfmt . --check
@homarr/image-proxy:format: All matched files use the correct format.
@homarr/image-proxy:format: Finished in 235ms on 3 files using 20 threads.
@homarr/modals:format: $ oxfmt . --check
@homarr/notifications:format: Checking formatting...
@homarr/notifications:format:
@homarr/api:format: cache miss, executing 988c9503f6de6cb6
@homarr/notifications:format: All matched files use the correct format.
@homarr/notifications:format: Finished in 247ms on 5 files using 20 threads.
@homarr/docs:format: docs/getting-started/installation/helm.md (473ms)
@homarr/docs:format:
@homarr/docs:format: Format issues found in above 1 files. Run without `--check` to fix.
@homarr/docs:format: Finished in 2297ms on 566 files using 20 threads.
@homarr/request-handler:format: cache miss, executing 73a9f079775c2111
@homarr/icons:format: cache miss, executing 70591490f1d2a782
@homarr/cron-jobs:format: Checking formatting...
@homarr/cron-jobs:format:
@homarr/cron-jobs:format: All matched files use the correct format.
@homarr/cron-jobs:format: Finished in 292ms on 9 files using 20 threads.
@homarr/definitions:format: Checking formatting...
@homarr/definitions:format:
@homarr/definitions:format: All matched files use the correct format.
@homarr/definitions:format: Finished in 238ms on 41 files using 20 threads.
@homarr/docs:format: [ELIFECYCLE] Command failed with exit code 1.
@homarr/modals:format: Checking formatting...
@homarr/modals:format:
@homarr/validation:format: cache miss, executing 240139296a563896
@homarr/db:format: Checking formatting...
@homarr/db:format:
@homarr/modals:format: All matched files use the correct format.
@homarr/modals:format: Finished in 270ms on 15 files using 20 threads.
@homarr/settings:format: cache miss, executing 8fba8e6c37eb3af6
@homarr/docs#format:  WARNING  command finished with error, but continuing...
@homarr/custom-widgets:format: cache miss, executing e0019bdcde6561d7
@homarr/db:format: All matched files use the correct format.
@homarr/db:format: Finished in 300ms on 109 files using 20 threads.
@homarr/form:format: cache miss, executing f425b107ec1f4252
@homarr/core:format: cache miss, executing 6c90867916fec820
@homarr/cron-jobs-core:format: $ oxfmt . --check
@homarr/docker:format: $ oxfmt . --check
@homarr/request-handler:format: $ oxfmt . --check
@homarr/cron-jobs-core:format: Checking formatting...
@homarr/cron-jobs-core:format:
@homarr/api:format: $ oxfmt . --check
@homarr/cron-jobs-core:format: All matched files use the correct format.
@homarr/cron-jobs-core:format: Finished in 174ms on 10 files using 20 threads.
@homarr/icons:format: $ oxfmt . --check
@homarr/docker:format: Checking formatting...
@homarr/docker:format:
@homarr/widgets:format: cache miss, executing 49f10b0ad81a2598
@homarr/docker:format: All matched files use the correct format.
@homarr/docker:format: Finished in 180ms on 17 files using 20 threads.
@homarr/validation:format: $ oxfmt . --check
@homarr/request-handler:format: Checking formatting...
@homarr/request-handler:format:
@homarr/form:format: $ oxfmt . --check
@homarr/custom-widgets:format: $ oxfmt . --check
@homarr/api:format: Checking formatting...
@homarr/api:format:
@homarr/settings:format: $ oxfmt . --check
@homarr/request-handler:format: All matched files use the correct format.
@homarr/request-handler:format: Finished in 283ms on 72 files using 20 threads.
@homarr/tasks:format: cache miss, executing ab8c6ad2b7bf4f90
@homarr/icons:format: Checking formatting...
@homarr/icons:format:
@homarr/icons:format: All matched files use the correct format.
@homarr/icons:format: Finished in 216ms on 14 files using 20 threads.
@homarr/api:format: All matched files use the correct format.
@homarr/api:format: Finished in 300ms on 232 files using 20 threads.
@homarr/nextjs:format: cache miss, executing 24e68ed4a4f6f847
@homarr/core:format: $ oxfmt . --check
@homarr/ui:format: cache miss, executing 8277305a67d9219c
@homarr/form:format: Checking formatting...
@homarr/form:format:
@homarr/form:format: All matched files use the correct format.
@homarr/form:format: Finished in 194ms on 5 files using 20 threads.
@homarr/spotlight:format: cache miss, executing 88e3bebb64ca9224
@homarr/custom-widgets:format: Checking formatting...
@homarr/custom-widgets:format:
@homarr/validation:format: Checking formatting...
@homarr/validation:format:
@homarr/settings:format: Checking formatting...
@homarr/settings:format:
@homarr/validation:format: All matched files use the correct format.
@homarr/validation:format: Finished in 280ms on 25 files using 20 threads.
@homarr/settings:format: All matched files use the correct format.
@homarr/settings:format: Finished in 289ms on 7 files using 20 threads.
@homarr/custom-widgets:format: All matched files use the correct format.
@homarr/custom-widgets:format: Finished in 310ms on 143 files using 20 threads.
@homarr/server-settings:format: cache miss, executing dae9ed85ab4b1762
@homarr/analytics:format: cache miss, executing f6a4f8b5fed68577
@homarr/core:format: Checking formatting...
@homarr/core:format:
@homarr/integrations:format: cache miss, executing 9e9340a565411ebd
@homarr/translation:format: cache miss, executing ab50754019cbc07b
@homarr/core:format: All matched files use the correct format.
@homarr/core:format: Finished in 148ms on 40 files using 20 threads.
@homarr/widgets:format: $ oxfmt . --check
@homarr/nextjs:format: $ oxfmt . --check
@homarr/widgets:format: Checking formatting...
@homarr/widgets:format:
@homarr/widgets:format: All matched files use the correct format.
@homarr/widgets:format: Finished in 192ms on 482 files using 20 threads.
@homarr/tasks:format: $ oxfmt . --check
@homarr/spotlight:format: $ oxfmt . --check
@homarr/ui:format: $ oxfmt . --check
@homarr/server-settings:format: $ oxfmt . --check
@homarr/nextjs:format: Checking formatting...
@homarr/nextjs:format:
@homarr/integrations:format: $ oxfmt . --check
@homarr/tasks:format: Checking formatting...
@homarr/tasks:format:
@homarr/analytics:format: $ oxfmt . --check
@homarr/tasks:format: All matched files use the correct format.
@homarr/tasks:format: Finished in 238ms on 6 files using 20 threads.
@homarr/spotlight:format: Checking formatting...
@homarr/spotlight:format:
@homarr/ui:format: Checking formatting...
@homarr/ui:format:
@homarr/nextjs:format: All matched files use the correct format.
@homarr/nextjs:format: Finished in 513ms on 738 files using 20 threads.
@homarr/translation:format: $ oxfmt . --check
@homarr/server-settings:format: Checking formatting...
@homarr/server-settings:format:
@homarr/ui:format: All matched files use the correct format.
@homarr/ui:format: Finished in 352ms on 68 files using 20 threads.
@homarr/spotlight:format: All matched files use the correct format.
@homarr/spotlight:format: Finished in 356ms on 58 files using 20 threads.
@homarr/server-settings:format: All matched files use the correct format.
@homarr/server-settings:format: Finished in 357ms on 4 files using 20 threads.
@homarr/integrations:format: Checking formatting...
@homarr/integrations:format:
@homarr/integrations:format: All matched files use the correct format.
@homarr/integrations:format: Finished in 379ms on 270 files using 20 threads.
@homarr/analytics:format: Checking formatting...
@homarr/analytics:format:
@homarr/translation:format: Checking formatting...
@homarr/translation:format:
@homarr/analytics:format: All matched files use the correct format.
@homarr/analytics:format: Finished in 174ms on 8 files using 20 threads.
@homarr/translation:format: All matched files use the correct format.
@homarr/translation:format: Finished in 157ms on 23 files using 20 threads.
@homarr/docs#format:  ERROR  command (/tmp/homarr-bun-comparison-20261003/pnpm/apps/docs) /home/habs/.local/share/mise/installs/node/24.18.0/bin/pnpm run format --check exited (1)

 Tasks:    37 successful, 38 total
Cached:    0 cached, 38 total
  Time:    6.291s
Failed:    @homarr/docs#format

 ERROR  run failed: command  exited (1)
[ELIFECYCLE] Command failed with exit code 1.
