$ turbo format --continue -- --check

   • Packages in scope: @homarr/analytics, @homarr/api, @homarr/auth, @homarr/boards, @homarr/cli, @homarr/common, @homarr/core, @homarr/cron-job-status, @homarr/cron-jobs, @homarr/cron-jobs-core, @homarr/custom-widgets, @homarr/db, @homarr/definitions, @homarr/docker, @homarr/docs, @homarr/form, @homarr/forms-collection, @homarr/github, @homarr/icons, @homarr/image-proxy, @homarr/integrations, @homarr/modals, @homarr/modals-collection, @homarr/nextjs, @homarr/notifications, @homarr/onboarding, @homarr/ping, @homarr/redis, @homarr/request-handler, @homarr/server-settings, @homarr/settings, @homarr/spotlight, @homarr/tasks, @homarr/translation, @homarr/tsconfig, @homarr/ui, @homarr/validation, @homarr/websocket, @homarr/widgets, @homarr/workshop
   • Running format in 40 packages
   • Remote caching disabled

 WARNING  failed to get git status for dirty hash: Git error: fatal: not a git repository (or any of the parent directories): .git

@homarr/docker:format: cache miss, executing 5ea972a296cc089e
@homarr/api:format: cache miss, executing df802e8a35b68a12
@homarr/cron-jobs:format: cache miss, executing 8b8c361b1f543a0c
@homarr/spotlight:format: cache miss, executing af99877a94717d43
@homarr/server-settings:format: cache miss, executing 4db156d51f62f591
@homarr/custom-widgets:format: cache miss, executing 7aea6d4f5d6c3a95
@homarr/analytics:format: cache miss, executing 5531143332d55447
@homarr/modals-collection:format: cache miss, executing 85c5ffdb3c4f1bdc
@homarr/docs:format: cache miss, executing 71a871f7f80fc8bc
@homarr/notifications:format: cache miss, executing 8ab9a68174e47178
@homarr/cron-jobs:format: $ oxfmt . --check
@homarr/spotlight:format: $ oxfmt . --check
@homarr/api:format: $ oxfmt . --check
@homarr/docker:format: $ oxfmt . --check
@homarr/custom-widgets:format: $ oxfmt . --check
@homarr/server-settings:format: $ oxfmt . --check
@homarr/docs:format: $ oxfmt . --check
@homarr/modals-collection:format: $ oxfmt . --check
@homarr/analytics:format: $ oxfmt . --check
@homarr/notifications:format: $ oxfmt . --check
@homarr/spotlight:format: Checking formatting...
@homarr/spotlight:format:
@homarr/server-settings:format: Checking formatting...
@homarr/server-settings:format:
@homarr/modals-collection:format: Checking formatting...
@homarr/modals-collection:format:
@homarr/api:format: Checking formatting...
@homarr/api:format:
@homarr/modals-collection:format: All matched files use the correct format.
@homarr/modals-collection:format: Finished in 215ms on 13 files using 20 threads.
@homarr/custom-widgets:format: Checking formatting...
@homarr/custom-widgets:format:
@homarr/server-settings:format: All matched files use the correct format.
@homarr/server-settings:format: Finished in 211ms on 4 files using 20 threads.
@homarr/analytics:format: Checking formatting...
@homarr/analytics:format:
@homarr/spotlight:format: All matched files use the correct format.
@homarr/spotlight:format: Finished in 246ms on 58 files using 20 threads.
@homarr/cron-jobs:format: Checking formatting...
@homarr/cron-jobs:format:
@homarr/docs:format: Checking formatting...
@homarr/docs:format:
@homarr/docker:format: Checking formatting...
@homarr/docker:format:
@homarr/analytics:format: All matched files use the correct format.
@homarr/analytics:format: Finished in 263ms on 8 files using 20 threads.
@homarr/cron-jobs:format: All matched files use the correct format.
@homarr/cron-jobs:format: Finished in 253ms on 9 files using 20 threads.
@homarr/ping:format: cache miss, executing c5f7be462ab976cf
@homarr/notifications:format: Checking formatting...
@homarr/notifications:format:
@homarr/ping:format: $ oxfmt . --check
@homarr/validation:format: cache miss, executing d3fc51647ce92c6f
@homarr/notifications:format: All matched files use the correct format.
@homarr/notifications:format: Finished in 287ms on 5 files using 20 threads.
@homarr/validation:format: $ oxfmt . --check
@homarr/docker:format: All matched files use the correct format.
@homarr/docker:format: Finished in 303ms on 17 files using 20 threads.
@homarr/custom-widgets:format: All matched files use the correct format.
@homarr/custom-widgets:format: Finished in 332ms on 143 files using 20 threads.
@homarr/api:format: All matched files use the correct format.
@homarr/api:format: Finished in 323ms on 232 files using 20 threads.
@homarr/ui:format: cache miss, executing 0750e7b5c9203438
@homarr/workshop:format: cache miss, executing db7c4150515a29d0
@homarr/integrations:format: cache miss, executing 442aecb8dd1d8820
@homarr/ui:format: $ oxfmt . --check
@homarr/integrations:format: $ oxfmt . --check
@homarr/workshop:format: $ oxfmt . --check
@homarr/settings:format: cache miss, executing a6415d5409617ab8
@homarr/settings:format: $ oxfmt . --check
@homarr/common:format: cache miss, executing f2748d7c2ea730f4
@homarr/common:format: $ oxfmt . --check
@homarr/auth:format: cache miss, executing 618ae00f5b1590cd
@homarr/auth:format: $ oxfmt . --check
@homarr/translation:format: cache miss, executing b81d2c302478ba4b
@homarr/translation:format: $ oxfmt . --check
@homarr/validation:format: Checking formatting...
@homarr/validation:format:
@homarr/ping:format: Checking formatting...
@homarr/ping:format:
@homarr/validation:format: All matched files use the correct format.
@homarr/validation:format: Finished in 206ms on 25 files using 20 threads.
@homarr/ping:format: All matched files use the correct format.
@homarr/ping:format: Finished in 219ms on 4 files using 20 threads.
@homarr/workshop:format: Checking formatting...
@homarr/workshop:format:
@homarr/form:format: cache miss, executing c2f3e366f8b4b741
@homarr/integrations:format: Checking formatting...
@homarr/integrations:format:
@homarr/workshop:format: All matched files use the correct format.
@homarr/workshop:format: Finished in 298ms on 8 files using 20 threads.
@homarr/form:format: $ oxfmt . --check
@homarr/ui:format: Checking formatting...
@homarr/ui:format:
@homarr/settings:format: Checking formatting...
@homarr/settings:format:
@homarr/ui:format: All matched files use the correct format.
@homarr/ui:format: Finished in 306ms on 68 files using 20 threads.
@homarr/settings:format: All matched files use the correct format.
@homarr/settings:format: Finished in 311ms on 7 files using 20 threads.
@homarr/core:format: cache miss, executing 92d32b49ef00ad22
@homarr/nextjs:format: cache miss, executing 02f448da255cf5d7
@homarr/common:format: Checking formatting...
@homarr/common:format:
@homarr/core:format: $ oxfmt . --check
@homarr/auth:format: Checking formatting...
@homarr/auth:format:
@homarr/db:format: cache miss, executing 1326ebceb35a9b3b
@homarr/common:format: All matched files use the correct format.
@homarr/common:format: Finished in 374ms on 52 files using 20 threads.
@homarr/nextjs:format: $ oxfmt . --check
@homarr/translation:format: Checking formatting...
@homarr/translation:format:
@homarr/integrations:format: All matched files use the correct format.
@homarr/integrations:format: Finished in 460ms on 270 files using 20 threads.
@homarr/db:format: $ oxfmt . --check
@homarr/auth:format: All matched files use the correct format.
@homarr/auth:format: Finished in 349ms on 50 files using 20 threads.
@homarr/translation:format: All matched files use the correct format.
@homarr/translation:format: Finished in 366ms on 23 files using 20 threads.
@homarr/boards:format: cache miss, executing 2da5145ae2841dec
@homarr/boards:format: $ oxfmt . --check
@homarr/websocket:format: cache miss, executing 701b082b866de1eb
@homarr/websocket:format: $ oxfmt . --check
@homarr/image-proxy:format: cache miss, executing cf12c491d3bb32a1
@homarr/redis:format: cache miss, executing 18c7a9f9ed624a2a
@homarr/request-handler:format: cache miss, executing ba1dfb28860eb035
@homarr/image-proxy:format: $ oxfmt . --check
@homarr/redis:format: $ oxfmt . --check
@homarr/request-handler:format: $ oxfmt . --check
@homarr/nextjs:format: Checking formatting...
@homarr/nextjs:format:
@homarr/boards:format: Checking formatting...
@homarr/boards:format:
@homarr/form:format: Checking formatting...
@homarr/form:format:
@homarr/form:format: All matched files use the correct format.
@homarr/form:format: Finished in 355ms on 5 files using 20 threads.
@homarr/boards:format: All matched files use the correct format.
@homarr/boards:format: Finished in 395ms on 9 files using 20 threads.
@homarr/core:format: Checking formatting...
@homarr/core:format:
@homarr/modals:format: cache miss, executing 45ee9175b863705a
@homarr/modals:format: $ oxfmt . --check
@homarr/core:format: All matched files use the correct format.
@homarr/core:format: Finished in 422ms on 40 files using 20 threads.
@homarr/websocket:format: Checking formatting...
@homarr/websocket:format:
@homarr/forms-collection:format: cache miss, executing 5a2339f6941ce749
@homarr/forms-collection:format: $ oxfmt . --check
@homarr/db:format: Checking formatting...
@homarr/db:format:
@homarr/websocket:format: All matched files use the correct format.
@homarr/websocket:format: Finished in 466ms on 3 files using 20 threads.
@homarr/image-proxy:format: Checking formatting...
@homarr/image-proxy:format:
@homarr/image-proxy:format: All matched files use the correct format.
@homarr/image-proxy:format: Finished in 347ms on 3 files using 20 threads.
@homarr/request-handler:format: Checking formatting...
@homarr/request-handler:format:
@homarr/db:format: All matched files use the correct format.
@homarr/db:format: Finished in 503ms on 109 files using 20 threads.
@homarr/redis:format: Checking formatting...
@homarr/redis:format:
@homarr/request-handler:format: All matched files use the correct format.
@homarr/request-handler:format: Finished in 456ms on 72 files using 20 threads.
@homarr/redis:format: All matched files use the correct format.
@homarr/redis:format: Finished in 444ms on 8 files using 20 threads.
@homarr/icons:format: cache miss, executing a8804ffd336da52d
@homarr/widgets:format: cache miss, executing 9a955d00ab5ecf6d
@homarr/icons:format: $ oxfmt . --check
@homarr/widgets:format: $ oxfmt . --check
@homarr/cli:format: cache miss, executing 73587f1158c1a983
@homarr/definitions:format: cache miss, executing c5e740731731d451
@homarr/tasks:format: cache miss, executing 73b694096ba8aa7b
@homarr/cli:format: $ oxfmt . --check
@homarr/tasks:format: $ oxfmt . --check
@homarr/definitions:format: $ oxfmt . --check
@homarr/cron-job-status:format: cache miss, executing 90dbda8fd945ae2a
@homarr/cron-job-status:format: $ oxfmt . --check
@homarr/nextjs:format: All matched files use the correct format.
@homarr/nextjs:format: Finished in 975ms on 738 files using 20 threads.
@homarr/modals:format: Checking formatting...
@homarr/modals:format:
@homarr/modals:format: All matched files use the correct format.
@homarr/modals:format: Finished in 281ms on 15 files using 20 threads.
@homarr/icons:format: Checking formatting...
@homarr/icons:format:
@homarr/forms-collection:format: Checking formatting...
@homarr/forms-collection:format:
@homarr/icons:format: All matched files use the correct format.
@homarr/icons:format: Finished in 269ms on 14 files using 20 threads.
@homarr/cli:format: Checking formatting...
@homarr/cli:format:
@homarr/onboarding:format: cache miss, executing e394e60864b63b42
@homarr/cli:format: All matched files use the correct format.
@homarr/cli:format: Finished in 265ms on 15 files using 20 threads.
@homarr/onboarding:format: $ oxfmt . --check
@homarr/forms-collection:format: All matched files use the correct format.
@homarr/forms-collection:format: Finished in 351ms on 14 files using 20 threads.
@homarr/cron-jobs-core:format: cache miss, executing d8f9a03321b3fa6d
@homarr/cron-jobs-core:format: $ oxfmt . --check
@homarr/tasks:format: Checking formatting...
@homarr/tasks:format:
@homarr/tasks:format: All matched files use the correct format.
@homarr/tasks:format: Finished in 306ms on 6 files using 20 threads.
@homarr/widgets:format: Checking formatting...
@homarr/widgets:format:
@homarr/widgets:format: All matched files use the correct format.
@homarr/widgets:format: Finished in 406ms on 482 files using 20 threads.
@homarr/definitions:format: Checking formatting...
@homarr/definitions:format:
@homarr/cron-job-status:format: Checking formatting...
@homarr/cron-job-status:format:
@homarr/cron-job-status:format: All matched files use the correct format.
@homarr/cron-job-status:format: Finished in 278ms on 5 files using 20 threads.
@homarr/definitions:format: All matched files use the correct format.
@homarr/definitions:format: Finished in 421ms on 41 files using 20 threads.
@homarr/onboarding:format: Checking formatting...
@homarr/onboarding:format:
@homarr/onboarding:format: All matched files use the correct format.
@homarr/onboarding:format: Finished in 121ms on 24 files using 20 threads.
@homarr/cron-jobs-core:format: Checking formatting...
@homarr/cron-jobs-core:format:
@homarr/cron-jobs-core:format: All matched files use the correct format.
@homarr/cron-jobs-core:format: Finished in 82ms on 10 files using 20 threads.
@homarr/docs:format: docs/getting-started/installation/helm.md (234ms)
@homarr/docs:format:
@homarr/docs:format: Format issues found in above 1 files. Run without `--check` to fix.
@homarr/docs:format: Finished in 2694ms on 566 files using 20 threads.
@homarr/docs:format: error: script "format" exited with code 1
@homarr/docs#format:  WARNING  command finished with error, but continuing...
@homarr/docs#format:  ERROR  command (/tmp/homarr-bun-comparison-20261003/bun/apps/docs) /tmp/bun-node-744846f84/bun run format --check exited (1)

 Tasks:    37 successful, 38 total
Cached:    0 cached, 38 total
  Time:    2.891s
Failed:    @homarr/docs#format

 ERROR  run failed: command  exited (1)
error: script "format" exited with code 1
