$ turbo format --continue -- --check

   • Packages in scope: @homarr/analytics, @homarr/api, @homarr/auth, @homarr/boards, @homarr/cli, @homarr/common, @homarr/core, @homarr/cron-job-status, @homarr/cron-jobs, @homarr/cron-jobs-core, @homarr/custom-widgets, @homarr/db, @homarr/definitions, @homarr/docker, @homarr/docs, @homarr/form, @homarr/forms-collection, @homarr/github, @homarr/icons, @homarr/image-proxy, @homarr/integrations, @homarr/modals, @homarr/modals-collection, @homarr/nextjs, @homarr/notifications, @homarr/onboarding, @homarr/ping, @homarr/redis, @homarr/request-handler, @homarr/server-settings, @homarr/settings, @homarr/spotlight, @homarr/tasks, @homarr/translation, @homarr/tsconfig, @homarr/ui, @homarr/validation, @homarr/websocket, @homarr/widgets, @homarr/workshop
   • Running format in 40 packages
   • Remote caching disabled

 WARNING  failed to get git status for dirty hash: Git error: fatal: not a git repository (or any of the parent directories): .git

@homarr/request-handler:format: cache hit, suppressing logs ba1dfb28860eb035
@homarr/cron-job-status:format: cache hit, suppressing logs 90dbda8fd945ae2a
@homarr/validation:format: cache hit, suppressing logs d3fc51647ce92c6f
@homarr/common:format: cache hit, suppressing logs f2748d7c2ea730f4
@homarr/settings:format: cache hit, suppressing logs a6415d5409617ab8
@homarr/redis:format: cache hit, suppressing logs 18c7a9f9ed624a2a
@homarr/modals-collection:format: cache hit, suppressing logs 85c5ffdb3c4f1bdc
@homarr/definitions:format: cache hit, suppressing logs c5e740731731d451
@homarr/icons:format: cache hit, suppressing logs a8804ffd336da52d
@homarr/onboarding:format: cache hit, suppressing logs e394e60864b63b42
@homarr/server-settings:format: cache hit, suppressing logs 4db156d51f62f591
@homarr/forms-collection:format: cache hit, suppressing logs 5a2339f6941ce749
@homarr/docker:format: cache hit, suppressing logs 5ea972a296cc089e
@homarr/translation:format: cache hit, suppressing logs b81d2c302478ba4b
@homarr/cron-jobs-core:format: cache hit, suppressing logs d8f9a03321b3fa6d
@homarr/form:format: cache hit, suppressing logs c2f3e366f8b4b741
@homarr/docs:format: cache miss, executing 71a871f7f80fc8bc
@homarr/custom-widgets:format: cache hit, suppressing logs 7aea6d4f5d6c3a95
@homarr/widgets:format: cache hit, suppressing logs 9a955d00ab5ecf6d
@homarr/db:format: cache hit, suppressing logs 1326ebceb35a9b3b
@homarr/ui:format: cache hit, suppressing logs 0750e7b5c9203438
@homarr/notifications:format: cache hit, suppressing logs 8ab9a68174e47178
@homarr/spotlight:format: cache hit, suppressing logs af99877a94717d43
@homarr/ping:format: cache hit, suppressing logs c5f7be462ab976cf
@homarr/image-proxy:format: cache hit, suppressing logs cf12c491d3bb32a1
@homarr/cron-jobs:format: cache hit, suppressing logs 8b8c361b1f543a0c
@homarr/core:format: cache hit, suppressing logs 92d32b49ef00ad22
@homarr/nextjs:format: cache hit, suppressing logs 02f448da255cf5d7
@homarr/analytics:format: cache hit, suppressing logs 5531143332d55447
@homarr/modals:format: cache hit, suppressing logs 45ee9175b863705a
@homarr/auth:format: cache hit, suppressing logs 618ae00f5b1590cd
@homarr/integrations:format: cache hit, suppressing logs 442aecb8dd1d8820
@homarr/workshop:format: cache hit, suppressing logs db7c4150515a29d0
@homarr/websocket:format: cache hit, suppressing logs 701b082b866de1eb
@homarr/api:format: cache hit, suppressing logs df802e8a35b68a12
@homarr/tasks:format: cache hit, suppressing logs 73b694096ba8aa7b
@homarr/cli:format: cache hit, suppressing logs 73587f1158c1a983
@homarr/boards:format: cache hit, suppressing logs 2da5145ae2841dec
@homarr/docs:format: $ oxfmt . --check
@homarr/docs:format: Checking formatting...
@homarr/docs:format:
@homarr/docs:format: docs/getting-started/installation/helm.md (520ms)
@homarr/docs:format:
@homarr/docs:format: Format issues found in above 1 files. Run without `--check` to fix.
@homarr/docs:format: Finished in 1265ms on 566 files using 20 threads.
@homarr/docs:format: error: script "format" exited with code 1
@homarr/docs#format:  WARNING  command finished with error, but continuing...
@homarr/docs#format:  ERROR  command (/tmp/homarr-bun-comparison-20261003/bun/apps/docs) /tmp/bun-node-744846f84/bun run format --check exited (1)

 Tasks:    37 successful, 38 total
Cached:    37 cached, 38 total
  Time:    1.462s
Failed:    @homarr/docs#format

 ERROR  run failed: command  exited (1)
error: script "format" exited with code 1
