$ turbo format --continue -- --check
 WARNING  failed to get git status for dirty hash: Git error: fatal: not a git repository (or any of the parent directories): .git


   • Packages in scope: @homarr/analytics, @homarr/api, @homarr/auth, @homarr/boards, @homarr/cli, @homarr/common, @homarr/core, @homarr/cron-job-status, @homarr/cron-jobs, @homarr/cron-jobs-core, @homarr/custom-widgets, @homarr/db, @homarr/definitions, @homarr/docker, @homarr/docs, @homarr/form, @homarr/forms-collection, @homarr/github, @homarr/icons, @homarr/image-proxy, @homarr/integrations, @homarr/modals, @homarr/modals-collection, @homarr/nextjs, @homarr/notifications, @homarr/onboarding, @homarr/ping, @homarr/redis, @homarr/request-handler, @homarr/server-settings, @homarr/settings, @homarr/spotlight, @homarr/tasks, @homarr/translation, @homarr/tsconfig, @homarr/ui, @homarr/validation, @homarr/websocket, @homarr/widgets, @homarr/workshop
   • Running format in 40 packages
   • Remote caching disabled

@homarr/request-handler:format: cache hit, suppressing logs 73a9f079775c2111
@homarr/ping:format: cache hit, suppressing logs 399427691127a08c
@homarr/core:format: cache hit, suppressing logs 6c90867916fec820
@homarr/redis:format: cache hit, suppressing logs f6e257eb5f3ecf2a
@homarr/api:format: cache hit, suppressing logs 988c9503f6de6cb6
@homarr/cron-job-status:format: cache hit, suppressing logs 9f04b9c0b39ddda6
@homarr/form:format: cache hit, suppressing logs f425b107ec1f4252
@homarr/widgets:format: cache hit, suppressing logs 49f10b0ad81a2598
@homarr/spotlight:format: cache hit, suppressing logs 88e3bebb64ca9224
@homarr/settings:format: cache hit, suppressing logs 8fba8e6c37eb3af6
@homarr/docker:format: cache hit, suppressing logs 550b183b246d2901
@homarr/auth:format: cache hit, suppressing logs 162bbd57f88423f2
@homarr/modals-collection:format: cache hit, suppressing logs c17123462d86d4d3
@homarr/validation:format: cache hit, suppressing logs 240139296a563896
@homarr/boards:format: cache hit, suppressing logs ef06ca1f2d319897
@homarr/modals:format: cache hit, suppressing logs bfe0c421838d8053
@homarr/custom-widgets:format: cache hit, suppressing logs e0019bdcde6561d7
@homarr/ui:format: cache hit, suppressing logs 8277305a67d9219c
@homarr/nextjs:format: cache hit, suppressing logs 24e68ed4a4f6f847
@homarr/workshop:format: cache hit, suppressing logs 84593982b2e960f1
@homarr/db:format: cache hit, suppressing logs fbb587062ad1b27e
@homarr/translation:format: cache hit, suppressing logs ab50754019cbc07b
@homarr/analytics:format: cache hit, suppressing logs f6a4f8b5fed68577
@homarr/cron-jobs-core:format: cache hit, suppressing logs 3b5a5547880a039d
@homarr/definitions:format: cache hit, suppressing logs 4c4e81310b31ff3d
@homarr/icons:format: cache hit, suppressing logs 70591490f1d2a782
@homarr/forms-collection:format: cache hit, suppressing logs 2023457cc3a38a38
@homarr/server-settings:format: cache hit, suppressing logs dae9ed85ab4b1762
@homarr/common:format: cache hit, suppressing logs 0c08a9a4e0974998
@homarr/cron-jobs:format: cache hit, suppressing logs 8954200c9e3f391f
@homarr/docs:format: cache miss, executing 871d13747ba3d53e
@homarr/onboarding:format: cache hit, suppressing logs ca3eea0533c54202
@homarr/websocket:format: cache hit, suppressing logs ec94f83397b7dd2d
@homarr/integrations:format: cache hit, suppressing logs 9e9340a565411ebd
@homarr/cli:format: cache hit, suppressing logs d213be5721cd2db1
@homarr/tasks:format: cache hit, suppressing logs ab8c6ad2b7bf4f90
@homarr/notifications:format: cache hit, suppressing logs 60f5482ecb436945
@homarr/image-proxy:format: cache hit, suppressing logs 9348c2b30571b820
@homarr/docs:format: $ oxfmt . --check
@homarr/docs:format: Checking formatting...
@homarr/docs:format:
@homarr/docs:format: docs/getting-started/installation/helm.md (381ms)
@homarr/docs:format:
@homarr/docs:format: Format issues found in above 1 files. Run without `--check` to fix.
@homarr/docs:format: Finished in 1031ms on 566 files using 20 threads.
@homarr/docs:format: [ELIFECYCLE] Command failed with exit code 1.
@homarr/docs#format:  WARNING  command finished with error, but continuing...
@homarr/docs#format:  ERROR  command (/tmp/homarr-bun-comparison-20261003/pnpm/apps/docs) /home/habs/.local/share/mise/installs/node/24.18.0/bin/pnpm run format --check exited (1)

 Tasks:    37 successful, 38 total
Cached:    37 cached, 38 total
  Time:    1.667s
Failed:    @homarr/docs#format

 ERROR  run failed: command  exited (1)
[ELIFECYCLE] Command failed with exit code 1.
