• turbo 2.11.2

   • Packages in scope: @homarr/api, @homarr/custom-widgets, @homarr/docs, @homarr/integrations, @homarr/nextjs, @homarr/request-handler, @homarr/ui, @homarr/widgets, @homarr/workshop
   • Running typecheck in 9 packages
   • Remote caching disabled, using shared worktree cache

@homarr/workshop:typecheck: cache miss, executing 5dd83e4ec84d630c
@homarr/custom-widgets:typecheck: cache miss, executing b25d5bb5da7569a9
@homarr/workshop:typecheck: $ tsc --noEmit
@homarr/custom-widgets:typecheck: $ tsc --noEmit
 WARNING  IO error: Read-only file system (os error 30)
@homarr/docs:typecheck: cache miss, executing 03cbac1ab3d19e46
 WARNING  IO error: Read-only file system (os error 30)
@homarr/ui:typecheck: cache miss, executing 72dab6b8dadc61f3
@homarr/docs:typecheck: $ tsc --noEmit
@homarr/ui:typecheck: $ tsc --noEmit
 WARNING  IO error: Read-only file system (os error 30)
@homarr/integrations:typecheck: cache miss, executing 02a20273520fc653
 WARNING  IO error: Read-only file system (os error 30)
@homarr/request-handler:typecheck: cache miss, executing 774ce9d5ea8045fc
@homarr/integrations:typecheck: $ tsc --noEmit
@homarr/request-handler:typecheck: $ tsc --noEmit
 WARNING  IO error: Read-only file system (os error 30)
@homarr/api:typecheck: cache miss, executing b88a0e923851fec2
@homarr/api:typecheck: $ tsc --noEmit
@homarr/widgets:typecheck: cache miss, executing d5db4b0c90845bee
@homarr/widgets:typecheck: $ tsc --noEmit
@homarr/nextjs:typecheck: cache miss, executing 1c116395ce9ce163
@homarr/nextjs:typecheck: $ tsc --noEmit

 Tasks:    9 successful, 9 total
Cached:    0 cached, 9 total
  Time:    33.566s

 WARNING  no output files found for task @homarr/docs#typecheck. Please check your `outputs` key in `turbo.json`
