Scope: all 41 workspace projects
? Verifying lockfile against supply-chain policies (2332 entries)...
Lockfile is up to date, resolution step is skipped
Packages: +2177
++++++++++++++++++++++++++++++++++++++++++++++++++++++++++++++++++++++++++++++++
Progress: resolved 0, reused 0, downloaded 1, added 0
Progress: resolved 0, reused 0, downloaded 145, added 8
Progress: resolved 0, reused 0, downloaded 254, added 16
Progress: resolved 0, reused 0, downloaded 309, added 20
Progress: resolved 0, reused 0, downloaded 347, added 24
Progress: resolved 0, reused 0, downloaded 387, added 28
✓ Lockfile passes supply-chain policies (2332 entries in 10.3s)
Progress: resolved 0, reused 0, downloaded 591, added 40
Progress: resolved 0, reused 0, downloaded 770, added 60
Progress: resolved 0, reused 0, downloaded 906, added 68
Progress: resolved 0, reused 0, downloaded 1226, added 96
Progress: resolved 0, reused 0, downloaded 1519, added 120
Progress: resolved 0, reused 0, downloaded 1922, added 156
Progress: resolved 0, reused 0, downloaded 2056, added 295
Progress: resolved 0, reused 0, downloaded 2056, added 796
Progress: resolved 0, reused 0, downloaded 2056, added 2048
Progress: resolved 0, reused 0, downloaded 2056, added 2177, done
.../@turbo/gen/node_modules/esbuild postinstall$ node install.js
.../@turbo/gen/node_modules/esbuild postinstall: Done
node_modules/tsx/node_modules/esbuild postinstall$ node install.js
node_modules/tsx/node_modules/esbuild postinstall: Done
node_modules/better-sqlite3 install$ prebuild-install || node-gyp rebuild --release
node_modules/better-sqlite3 install: (node:3634) [DEP0176] DeprecationWarning: fs.R_OK is deprecated, use fs.constants.R_OK instead
node_modules/better-sqlite3 install: (Use `node --trace-deprecation ...` to show where the warning was created)
node_modules/better-sqlite3 install: Done
node_modules/esbuild postinstall$ node install.js
node_modules/esbuild postinstall: Done
node_modules/bcrypt install$ node-gyp-build
node_modules/bcrypt install: Done
.../tsx/node_modules/esbuild postinstall$ node install.js
.../tsx/node_modules/esbuild postinstall: Done
node_modules/ssh2 install$ node install.js
node_modules/ssh2 install: gyp info it worked if it ends with ok
node_modules/ssh2 install: gyp info using node-gyp@12.4.0
node_modules/ssh2 install: gyp info using node@24.18.0 | linux | x64
node_modules/ssh2 install: gyp info find Python using Python version 3.12.3 found at "/usr/bin/python3"
node_modules/ssh2 install: gyp http GET https://nodejs.org/download/release/v24.18.0/node-v24.18.0-headers.tar.gz
node_modules/ssh2 install: gyp http 200 https://nodejs.org/download/release/v24.18.0/node-v24.18.0-headers.tar.gz
node_modules/ssh2 install: gyp http GET https://nodejs.org/download/release/v24.18.0/SHASUMS256.txt
node_modules/ssh2 install: gyp http 200 https://nodejs.org/download/release/v24.18.0/SHASUMS256.txt
node_modules/ssh2 install: gyp info spawn /usr/bin/python3
node_modules/ssh2 install: gyp info spawn args [
node_modules/ssh2 install: gyp info spawn args '/home/runner/work/_temp/benchmark-tools/node_modules/pnpm/dist/node_modules/node-gyp/gyp/gyp_main.py',
node_modules/ssh2 install: gyp info spawn args 'binding.gyp',
node_modules/ssh2 install: gyp info spawn args '-f',
node_modules/ssh2 install: gyp info spawn args 'make',
node_modules/ssh2 install: gyp info spawn args '-I',
node_modules/ssh2 install: gyp info spawn args '/home/runner/work/_temp/package-manager-comparison/pnpm/node_modules/ssh2/lib/protocol/crypto/build/config.gypi',
node_modules/ssh2 install: gyp info spawn args '-I',
node_modules/ssh2 install: gyp info spawn args '/home/runner/work/_temp/benchmark-tools/node_modules/pnpm/dist/node_modules/node-gyp/addon.gypi',
node_modules/ssh2 install: gyp info spawn args '-I',
node_modules/ssh2 install: gyp info spawn args '/home/runner/work/_temp/package-manager-comparison/pnpm-metadata/node-gyp/24.18.0/include/node/common.gypi',
node_modules/ssh2 install: gyp info spawn args '-Dlibrary=shared_library',
node_modules/ssh2 install: gyp info spawn args '-Dvisibility=default',
node_modules/ssh2 install: gyp info spawn args '-Dnode_root_dir=/home/runner/work/_temp/package-manager-comparison/pnpm-metadata/node-gyp/24.18.0',
node_modules/ssh2 install: gyp info spawn args '-Dnode_gyp_dir=/home/runner/work/_temp/benchmark-tools/node_modules/pnpm/dist/node_modules/node-gyp',
node_modules/ssh2 install: gyp info spawn args '-Dnode_lib_file=/home/runner/work/_temp/package-manager-comparison/pnpm-metadata/node-gyp/24.18.0/<(target_arch)/node.lib',
node_modules/ssh2 install: gyp info spawn args '-Dmodule_root_dir=/home/runner/work/_temp/package-manager-comparison/pnpm/node_modules/ssh2/lib/protocol/crypto',
node_modules/ssh2 install: gyp info spawn args '-Dnode_engine=v8',
node_modules/ssh2 install: gyp info spawn args '--depth=.',
node_modules/ssh2 install: gyp info spawn args '--no-parallel',
node_modules/ssh2 install: gyp info spawn args '--generator-output',
node_modules/ssh2 install: gyp info spawn args 'build',
node_modules/ssh2 install: gyp info spawn args '-Goutput_dir=.'
node_modules/ssh2 install: gyp info spawn args ]
node_modules/ssh2 install: gyp info spawn make
node_modules/ssh2 install: gyp info spawn args [ 'BUILDTYPE=Release', '-C', 'build' ]
node_modules/ssh2 install: make: Entering directory '/home/runner/work/_temp/package-manager-comparison/pnpm/node_modules/ssh2/lib/protocol/crypto/build'
node_modules/ssh2 install:   CXX(target) Release/obj.target/sshcrypto/src/binding.o
node_modules/ssh2 install: In file included from ../src/binding.cc:16:
node_modules/ssh2 install: ../../../../../nan/nan.h: In function ‘bool Nan::IdleNotification(int)’:
node_modules/ssh2 install: ../../../../../nan/nan.h:700:39: error: ‘class v8::Isolate’ has no member named ‘IdleNotificationDeadline’
node_modules/ssh2 install:   700 |     return v8::Isolate::GetCurrent()->IdleNotificationDeadline(
node_modules/ssh2 install:       |                                       ^~~~~~~~~~~~~~~~~~~~~~~~
node_modules/ssh2 install: ../../../../../nan/nan.h: In constructor ‘Nan::Utf8String::Utf8String(v8::Local<v8::Value>)’:
node_modules/ssh2 install: ../../../../../nan/nan.h:1166:36: warning: ‘int v8::String::WriteUtf8(v8::Isolate*, char*, int, int*, int) const’ is deprecated: Use WriteUtf8V2 instead. [-Wdeprecated-declarations]
node_modules/ssh2 install:  1166 |         length_ = string->WriteUtf8(v8::Isolate::GetCurrent(), str_,
node_modules/ssh2 install:       |                   ~~~~~~~~~~~~~~~~~^~~~~~~~~~~~~~~~~~~~~~~~~~~~~~~~~
node_modules/ssh2 install:  1167 |                                     static_cast<int>(len), 0, flags);
node_modules/ssh2 install:       |                                     ~~~~~~~~~~~~~~~~~~~~~~~~~~~~~~~~
node_modules/ssh2 install: In file included from /home/runner/work/_temp/package-manager-comparison/pnpm-metadata/node-gyp/24.18.0/include/node/v8-object.h:12,
node_modules/ssh2 install:                  from /home/runner/work/_temp/package-manager-comparison/pnpm-metadata/node-gyp/24.18.0/include/node/v8-array-buffer.h:14,
node_modules/ssh2 install:                  from /home/runner/work/_temp/package-manager-comparison/pnpm-metadata/node-gyp/24.18.0/include/node/v8.h:24,
node_modules/ssh2 install:                  from /home/runner/work/_temp/package-manager-comparison/pnpm-metadata/node-gyp/24.18.0/include/node/node.h:74,
node_modules/ssh2 install:                  from ../src/binding.cc:14:
node_modules/ssh2 install: /home/runner/work/_temp/package-manager-comparison/pnpm-metadata/node-gyp/24.18.0/include/node/v8-primitive.h:212:7: note: declared here
node_modules/ssh2 install:   212 |   int WriteUtf8(Isolate* isolate, char* buffer, int length = -1,
node_modules/ssh2 install:       |       ^~~~~~~~~
node_modules/ssh2 install: ../../../../../nan/nan.h: In function ‘v8::Local<v8::Value> Nan::Encode(const void*, size_t, Encoding)’:
node_modules/ssh2 install: ../../../../../nan/nan.h:2360:24: warning: ‘v8::Local<v8::Value> node::Encode(v8::Isolate*, const uint16_t*, size_t)’ is deprecated: Use TryEncode(...) instead [-Wdeprecated-declarations]
node_modules/ssh2 install:  2360 |     return node::Encode(
node_modules/ssh2 install:       |            ~~~~~~~~~~~~^
node_modules/ssh2 install:  2361 |         isolate
node_modules/ssh2 install:       |         ~~~~~~~         
node_modules/ssh2 install:  2362 |       , reinterpret_cast<const uint16_t *>(buf)
node_modules/ssh2 install:       |       ~~~~~~~~~~~~~~~~~~~~~~~~~~~~~~~~~~~~~~~~~
node_modules/ssh2 install:  2363 |       , len / 2);
node_modules/ssh2 install:       |       ~~~~~~~~~~        
node_modules/ssh2 install: /home/runner/work/_temp/package-manager-comparison/pnpm-metadata/node-gyp/24.18.0/include/node/node.h:1282:50: note: declared here
node_modules/ssh2 install:  1282 |                 NODE_EXTERN v8::Local<v8::Value> Encode(v8::Isolate* isolate,
node_modules/ssh2 install:       |                                                  ^~~~~~
node_modules/ssh2 install: /home/runner/work/_temp/package-manager-comparison/pnpm-metadata/node-gyp/24.18.0/include/node/node.h:116:42: note: in definition of macro ‘NODE_DEPRECATED’
node_modules/ssh2 install:   116 |     __attribute__((deprecated(message))) declarator
node_modules/ssh2 install:       |                                          ^~~~~~~~~~
node_modules/ssh2 install: ../../../../../nan/nan.h:2365:24: warning: ‘v8::Local<v8::Value> node::Encode(v8::Isolate*, const char*, size_t, encoding)’ is deprecated: Use TryEncode(...) instead [-Wdeprecated-declarations]
node_modules/ssh2 install:  2365 |     return node::Encode(
node_modules/ssh2 install:       |            ~~~~~~~~~~~~^
node_modules/ssh2 install:  2366 |         isolate
node_modules/ssh2 install:       |         ~~~~~~~         
node_modules/ssh2 install:  2367 |       , reinterpret_cast<const char *>(buf)
node_modules/ssh2 install:       |       ~~~~~~~~~~~~~~~~~~~~~~~~~~~~~~~~~~~~~
node_modules/ssh2 install:  2368 |       , len
node_modules/ssh2 install:       |       ~~~~~             
node_modules/ssh2 install:  2369 |       , node_enc);
node_modules/ssh2 install:       |       ~~~~~~~~~~~       
node_modules/ssh2 install: /home/runner/work/_temp/package-manager-comparison/pnpm-metadata/node-gyp/24.18.0/include/node/node.h:1274:38: note: declared here
node_modules/ssh2 install:  1274 |     NODE_EXTERN v8::Local<v8::Value> Encode(v8::Isolate* isolate,
node_modules/ssh2 install:       |                                      ^~~~~~
node_modules/ssh2 install: /home/runner/work/_temp/package-manager-comparison/pnpm-metadata/node-gyp/24.18.0/include/node/node.h:116:42: note: in definition of macro ‘NODE_DEPRECATED’
node_modules/ssh2 install:   116 |     __attribute__((deprecated(message))) declarator
node_modules/ssh2 install:       |                                          ^~~~~~~~~~
node_modules/ssh2 install: ../../../../../nan/nan.h: In function ‘void Nan::SetAccessor(v8::Local<v8::ObjectTemplate>, v8::Local<v8::String>, GetterCallback, SetterCallback, v8::Local<v8::Value>, v8::AccessControl, v8::PropertyAttribute, imp::Sig)’:
node_modules/ssh2 install: ../../../../../nan/nan.h:2560:8: error: ‘class v8::ObjectTemplate’ has no member named ‘SetAccessor’
node_modules/ssh2 install:  2560 |   tpl->SetAccessor(
node_modules/ssh2 install:       |        ^~~~~~~~~~~
node_modules/ssh2 install: ../../../../../nan/nan.h: In function ‘void Nan::SetAccessor(v8::Local<v8::ObjectTemplate>, v8::Local<v8::String>, GetterCallback, SetterCallback, v8::Local<v8::Value>, v8::AccessControl, v8::PropertyAttribute)’:
node_modules/ssh2 install: ../../../../../nan/nan.h:2608:8: error: ‘class v8::ObjectTemplate’ has no member named ‘SetAccessor’
node_modules/ssh2 install:  2608 |   tpl->SetAccessor(
node_modules/ssh2 install:       |        ^~~~~~~~~~~
node_modules/ssh2 install: ../../../../../nan/nan.h: In function ‘bool Nan::SetAccessor(v8::Local<v8::Object>, v8::Local<v8::String>, GetterCallback, SetterCallback, v8::Local<v8::Value>, v8::AccessControl, v8::PropertyAttribute)’:
node_modules/ssh2 install: ../../../../../nan/nan.h:2654:15: error: ‘class v8::Object’ has no member named ‘SetAccessor’
node_modules/ssh2 install:  2654 |   return obj->SetAccessor(
node_modules/ssh2 install:       |               ^~~~~~~~~~~
node_modules/ssh2 install: ../../../../../nan/nan.h: In function ‘void Nan::SetNamedPropertyHandler(v8::Local<v8::ObjectTemplate>, PropertyGetterCallback, PropertySetterCallback, PropertyQueryCallback, PropertyDeleterCallback, PropertyEnumeratorCallback, v8::Local<v8::Value>)’:
node_modules/ssh2 install: ../../../../../nan/nan.h:2731:7: error: invalid conversion from ‘Nan::imp::NativePropertyGetter’ {aka ‘void (*)(v8::Local<v8::Name>, const v8::PropertyCallbackInfo<v8::Value>&)’} to ‘v8::NamedPropertyGetterCallback’ {aka ‘v8::Intercepted (*)(v8::Local<v8::Name>, const v8::PropertyCallbackInfo<v8::Value>&)’} [-fpermissive]
node_modules/ssh2 install:  2731 |       getter_, setter_, query_, deleter_, enumerator_, obj));
node_modules/ssh2 install:       |       ^~~~~~~
node_modules/ssh2 install:       |       |
node_modules/ssh2 install:       |       Nan::imp::NativePropertyGetter {aka void (*)(v8::Local<v8::Name>, const v8::PropertyCallbackInfo<v8::Value>&)}
node_modules/ssh2 install: In file included from /home/runner/work/_temp/package-manager-comparison/pnpm-metadata/node-gyp/24.18.0/include/node/v8-function.h:15,
node_modules/ssh2 install:                  from /home/runner/work/_temp/package-manager-comparison/pnpm-metadata/node-gyp/24.18.0/include/node/v8.h:33:
node_modules/ssh2 install: /home/runner/work/_temp/package-manager-comparison/pnpm-metadata/node-gyp/24.18.0/include/node/v8-template.h:792:35: note:   initializing argument 1 of ‘v8::NamedPropertyHandlerConfiguration::NamedPropertyHandlerConfiguration(v8::NamedPropertyGetterCallback, v8::NamedPropertySetterCallback, v8::NamedPropertyQueryCallback, v8::NamedPropertyDeleterCallback, v8::NamedPropertyEnumeratorCallback, v8::Local<v8::Value>, v8::PropertyHandlerFlags)’
node_modules/ssh2 install:   792 |       NamedPropertyGetterCallback getter,
node_modules/ssh2 install:       |       ~~~~~~~~~~~~~~~~~~~~~~~~~~~~^~~~~~
node_modules/ssh2 install: ../../../../../nan/nan.h:2731:16: error: invalid conversion from ‘Nan::imp::NativePropertySetter’ {aka ‘void (*)(v8::Local<v8::Name>, v8::Local<v8::Value>, const v8::PropertyCallbackInfo<v8::Value>&)’} to ‘v8::NamedPropertySetterCallback’ {aka ‘v8::Intercepted (*)(v8::Local<v8::Name>, v8::Local<v8::Value>, const v8::PropertyCallbackInfo<void>&)’} [-fpermissive]
node_modules/ssh2 install:  2731 |       getter_, setter_, query_, deleter_, enumerator_, obj));
node_modules/ssh2 install:       |                ^~~~~~~
node_modules/ssh2 install:       |                |
node_modules/ssh2 install:       |                Nan::imp::NativePropertySetter {aka void (*)(v8::Local<v8::Name>, v8::Local<v8::Value>, const v8::PropertyCallbackInfo<v8::Value>&)}
node_modules/ssh2 install: /home/runner/work/_temp/package-manager-comparison/pnpm-metadata/node-gyp/24.18.0/include/node/v8-template.h:793:35: note:   initializing argument 2 of ‘v8::NamedPropertyHandlerConfiguration::NamedPropertyHandlerConfiguration(v8::NamedPropertyGetterCallback, v8::NamedPropertySetterCallback, v8::NamedPropertyQueryCallback, v8::NamedPropertyDeleterCallback, v8::NamedPropertyEnumeratorCallback, v8::Local<v8::Value>, v8::PropertyHandlerFlags)’
node_modules/ssh2 install:   793 |       NamedPropertySetterCallback setter = nullptr,
node_modules/ssh2 install:       |       ~~~~~~~~~~~~~~~~~~~~~~~~~~~~^~~~~~~~~~~~~~~~
node_modules/ssh2 install: ../../../../../nan/nan.h:2731:25: error: invalid conversion from ‘Nan::imp::NativePropertyQuery’ {aka ‘void (*)(v8::Local<v8::Name>, const v8::PropertyCallbackInfo<v8::Integer>&)’} to ‘v8::NamedPropertyQueryCallback’ {aka ‘v8::Intercepted (*)(v8::Local<v8::Name>, const v8::PropertyCallbackInfo<v8::Integer>&)’} [-fpermissive]
node_modules/ssh2 install:  2731 |       getter_, setter_, query_, deleter_, enumerator_, obj));
node_modules/ssh2 install:       |                         ^~~~~~
node_modules/ssh2 install:       |                         |
node_modules/ssh2 install:       |                         Nan::imp::NativePropertyQuery {aka void (*)(v8::Local<v8::Name>, const v8::PropertyCallbackInfo<v8::Integer>&)}
node_modules/ssh2 install: /home/runner/work/_temp/package-manager-comparison/pnpm-metadata/node-gyp/24.18.0/include/node/v8-template.h:794:34: note:   initializing argument 3 of ‘v8::NamedPropertyHandlerConfiguration::NamedPropertyHandlerConfiguration(v8::NamedPropertyGetterCallback, v8::NamedPropertySetterCallback, v8::NamedPropertyQueryCallback, v8::NamedPropertyDeleterCallback, v8::NamedPropertyEnumeratorCallback, v8::Local<v8::Value>, v8::PropertyHandlerFlags)’
node_modules/ssh2 install:   794 |       NamedPropertyQueryCallback query = nullptr,
node_modules/ssh2 install:       |       ~~~~~~~~~~~~~~~~~~~~~~~~~~~^~~~~~~~~~~~~~~
node_modules/ssh2 install: ../../../../../nan/nan.h:2731:33: error: invalid conversion from ‘void (*)(v8::Local<v8::Name>, const v8::PropertyCallbackInfo<v8::Boolean>&)’ to ‘v8::NamedPropertyDeleterCallback’ {aka ‘v8::Intercepted (*)(v8::Local<v8::Name>, const v8::PropertyCallbackInfo<v8::Boolean>&)’} [-fpermissive]
node_modules/ssh2 install:  2731 |       getter_, setter_, query_, deleter_, enumerator_, obj));
node_modules/ssh2 install:       |                                 ^~~~~~~~
node_modules/ssh2 install:       |                                 |
node_modules/ssh2 install:       |                                 void (*)(v8::Local<v8::Name>, const v8::PropertyCallbackInfo<v8::Boolean>&)
node_modules/ssh2 install: /home/runner/work/_temp/package-manager-comparison/pnpm-metadata/node-gyp/24.18.0/include/node/v8-template.h:795:36: note:   initializing argument 4 of ‘v8::NamedPropertyHandlerConfiguration::NamedPropertyHandlerConfiguration(v8::NamedPropertyGetterCallback, v8::NamedPropertySetterCallback, v8::NamedPropertyQueryCallback, v8::NamedPropertyDeleterCallback, v8::NamedPropertyEnumeratorCallback, v8::Local<v8::Value>, v8::PropertyHandlerFlags)’
node_modules/ssh2 install:   795 |       NamedPropertyDeleterCallback deleter = nullptr,
node_modules/ssh2 install:       |       ~~~~~~~~~~~~~~~~~~~~~~~~~~~~~^~~~~~~~~~~~~~~~~
node_modules/ssh2 install: ../../../../../nan/nan.h: In function ‘void Nan::SetIndexedPropertyHandler(v8::Local<v8::ObjectTemplate>, IndexGetterCallback, IndexSetterCallback, IndexQueryCallback, IndexDeleterCallback, IndexEnumeratorCallback, v8::Local<v8::Value>)’:
node_modules/ssh2 install: ../../../../../nan/nan.h:2801:7: error: invalid conversion from ‘Nan::imp::NativeIndexGetter’ {aka ‘void (*)(unsigned int, const v8::PropertyCallbackInfo<v8::Value>&)’} to ‘v8::IndexedPropertyGetterCallbackV2’ {aka ‘v8::Intercepted (*)(unsigned int, const v8::PropertyCallbackInfo<v8::Value>&)’} [-fpermissive]
node_modules/ssh2 install:  2801 |       getter_, setter_, query_, deleter_, enumerator_, obj));
node_modules/ssh2 install:       |       ^~~~~~~
node_modules/ssh2 install:       |       |
node_modules/ssh2 install:       |       Nan::imp::NativeIndexGetter {aka void (*)(unsigned int, const v8::PropertyCallbackInfo<v8::Value>&)}
node_modules/ssh2 install: /home/runner/work/_temp/package-manager-comparison/pnpm-metadata/node-gyp/24.18.0/include/node/v8-template.h:871:39: note:   initializing argument 1 of ‘v8::IndexedPropertyHandlerConfiguration::IndexedPropertyHandlerConfiguration(v8::IndexedPropertyGetterCallbackV2, v8::IndexedPropertySetterCallbackV2, v8::IndexedPropertyQueryCallbackV2, v8::IndexedPropertyDeleterCallbackV2, v8::IndexedPropertyEnumeratorCallback, v8::Local<v8::Value>, v8::PropertyHandlerFlags)’
node_modules/ssh2 install:   871 |       IndexedPropertyGetterCallbackV2 getter = nullptr,
node_modules/ssh2 install:       |       ~~~~~~~~~~~~~~~~~~~~~~~~~~~~~~~~^~~~~~~~~~~~~~~~
node_modules/ssh2 install: ../../../../../nan/nan.h:2801:16: error: invalid conversion from ‘Nan::imp::NativeIndexSetter’ {aka ‘void (*)(unsigned int, v8::Local<v8::Value>, const v8::PropertyCallbackInfo<v8::Value>&)’} to ‘v8::IndexedPropertySetterCallbackV2’ {aka ‘v8::Intercepted (*)(unsigned int, v8::Local<v8::Value>, const v8::PropertyCallbackInfo<void>&)’} [-fpermissive]
node_modules/ssh2 install:  2801 |       getter_, setter_, query_, deleter_, enumerator_, obj));
node_modules/ssh2 install:       |                ^~~~~~~
node_modules/ssh2 install:       |                |
node_modules/ssh2 install:       |                Nan::imp::NativeIndexSetter {aka void (*)(unsigned int, v8::Local<v8::Value>, const v8::PropertyCallbackInfo<v8::Value>&)}
node_modules/ssh2 install: /home/runner/work/_temp/package-manager-comparison/pnpm-metadata/node-gyp/24.18.0/include/node/v8-template.h:872:39: note:   initializing argument 2 of ‘v8::IndexedPropertyHandlerConfiguration::IndexedPropertyHandlerConfiguration(v8::IndexedPropertyGetterCallbackV2, v8::IndexedPropertySetterCallbackV2, v8::IndexedPropertyQueryCallbackV2, v8::IndexedPropertyDeleterCallbackV2, v8::IndexedPropertyEnumeratorCallback, v8::Local<v8::Value>, v8::PropertyHandlerFlags)’
node_modules/ssh2 install:   872 |       IndexedPropertySetterCallbackV2 setter = nullptr,
node_modules/ssh2 install:       |       ~~~~~~~~~~~~~~~~~~~~~~~~~~~~~~~~^~~~~~~~~~~~~~~~
node_modules/ssh2 install: ../../../../../nan/nan.h:2801:25: error: invalid conversion from ‘Nan::imp::NativeIndexQuery’ {aka ‘void (*)(unsigned int, const v8::PropertyCallbackInfo<v8::Integer>&)’} to ‘v8::IndexedPropertyQueryCallbackV2’ {aka ‘v8::Intercepted (*)(unsigned int, const v8::PropertyCallbackInfo<v8::Integer>&)’} [-fpermissive]
node_modules/ssh2 install:  2801 |       getter_, setter_, query_, deleter_, enumerator_, obj));
node_modules/ssh2 install:       |                         ^~~~~~
node_modules/ssh2 install:       |                         |
node_modules/ssh2 install:       |                         Nan::imp::NativeIndexQuery {aka void (*)(unsigned int, const v8::PropertyCallbackInfo<v8::Integer>&)}
node_modules/ssh2 install: /home/runner/work/_temp/package-manager-comparison/pnpm-metadata/node-gyp/24.18.0/include/node/v8-template.h:873:38: note:   initializing argument 3 of ‘v8::IndexedPropertyHandlerConfiguration::IndexedPropertyHandlerConfiguration(v8::IndexedPropertyGetterCallbackV2, v8::IndexedPropertySetterCallbackV2, v8::IndexedPropertyQueryCallbackV2, v8::IndexedPropertyDeleterCallbackV2, v8::IndexedPropertyEnumeratorCallback, v8::Local<v8::Value>, v8::PropertyHandlerFlags)’
node_modules/ssh2 install:   873 |       IndexedPropertyQueryCallbackV2 query = nullptr,
node_modules/ssh2 install:       |       ~~~~~~~~~~~~~~~~~~~~~~~~~~~~~~~^~~~~~~~~~~~~~~
node_modules/ssh2 install: ../../../../../nan/nan.h:2801:33: error: invalid conversion from ‘Nan::imp::NativeIndexDeleter’ {aka ‘void (*)(unsigned int, const v8::PropertyCallbackInfo<v8::Boolean>&)’} to ‘v8::IndexedPropertyDeleterCallbackV2’ {aka ‘v8::Intercepted (*)(unsigned int, const v8::PropertyCallbackInfo<v8::Boolean>&)’} [-fpermissive]
node_modules/ssh2 install:  2801 |       getter_, setter_, query_, deleter_, enumerator_, obj));
node_modules/ssh2 install:       |                                 ^~~~~~~~
node_modules/ssh2 install:       |                                 |
node_modules/ssh2 install:       |                                 Nan::imp::NativeIndexDeleter {aka void (*)(unsigned int, const v8::PropertyCallbackInfo<v8::Boolean>&)}
node_modules/ssh2 install: /home/runner/work/_temp/package-manager-comparison/pnpm-metadata/node-gyp/24.18.0/include/node/v8-template.h:874:40: note:   initializing argument 4 of ‘v8::IndexedPropertyHandlerConfiguration::IndexedPropertyHandlerConfiguration(v8::IndexedPropertyGetterCallbackV2, v8::IndexedPropertySetterCallbackV2, v8::IndexedPropertyQueryCallbackV2, v8::IndexedPropertyDeleterCallbackV2, v8::IndexedPropertyEnumeratorCallback, v8::Local<v8::Value>, v8::PropertyHandlerFlags)’
node_modules/ssh2 install:   874 |       IndexedPropertyDeleterCallbackV2 deleter = nullptr,
node_modules/ssh2 install:       |       ~~~~~~~~~~~~~~~~~~~~~~~~~~~~~~~~~^~~~~~~~~~~~~~~~~
node_modules/ssh2 install: In file included from ../../../../../nan/nan.h:2966:
node_modules/ssh2 install: ../../../../../nan/nan_scriptorigin.h: In constructor ‘Nan::ScriptOrigin::ScriptOrigin(v8::Local<v8::Value>)’:
node_modules/ssh2 install: ../../../../../nan/nan_scriptorigin.h:19:55: error: no matching function for call to ‘v8::ScriptOrigin::ScriptOrigin(v8::Isolate*, v8::Local<v8::Value>&)’
node_modules/ssh2 install:    19 |       v8::ScriptOrigin(v8::Isolate::GetCurrent(), name) {}
node_modules/ssh2 install:       |                                                       ^
node_modules/ssh2 install: In file included from /home/runner/work/_temp/package-manager-comparison/pnpm-metadata/node-gyp/24.18.0/include/node/v8-script.h:20,
node_modules/ssh2 install:                  from /home/runner/work/_temp/package-manager-comparison/pnpm-metadata/node-gyp/24.18.0/include/node/v8-debug.h:10,
node_modules/ssh2 install:                  from /home/runner/work/_temp/package-manager-comparison/pnpm-metadata/node-gyp/24.18.0/include/node/v8-isolate.h:19,
node_modules/ssh2 install:                  from /home/runner/work/_temp/package-manager-comparison/pnpm-metadata/node-gyp/24.18.0/include/node/v8-snapshot.h:9,
node_modules/ssh2 install:                  from /home/runner/work/_temp/package-manager-comparison/pnpm-metadata/node-gyp/24.18.0/include/node/v8-context.h:15,
node_modules/ssh2 install:                  from /home/runner/work/_temp/package-manager-comparison/pnpm-metadata/node-gyp/24.18.0/include/node/v8.h:26:
node_modules/ssh2 install: /home/runner/work/_temp/package-manager-comparison/pnpm-metadata/node-gyp/24.18.0/include/node/v8-message.h:65:13: note: candidate: ‘v8::ScriptOrigin::ScriptOrigin(v8::Local<v8::Value>, int, int, bool, int, v8::Local<v8::Value>, bool, bool, bool, v8::Local<v8::Data>)’
node_modules/ssh2 install:    65 |   V8_INLINE ScriptOrigin(Local<Value> resource_name,
node_modules/ssh2 install:       |             ^~~~~~~~~~~~
node_modules/ssh2 install: /home/runner/work/_temp/package-manager-comparison/pnpm-metadata/node-gyp/24.18.0/include/node/v8-message.h:65:39: note:   no known conversion for argument 1 from ‘v8::Isolate*’ to ‘v8::Local<v8::Value>’
node_modules/ssh2 install:    65 |   V8_INLINE ScriptOrigin(Local<Value> resource_name,
node_modules/ssh2 install:       |                          ~~~~~~~~~~~~~^~~~~~~~~~~~~
node_modules/ssh2 install: /home/runner/work/_temp/package-manager-comparison/pnpm-metadata/node-gyp/24.18.0/include/node/v8-message.h:63:17: note: candidate: ‘constexpr v8::ScriptOrigin::ScriptOrigin(const v8::ScriptOrigin&)’
node_modules/ssh2 install:    63 | class V8_EXPORT ScriptOrigin {
node_modules/ssh2 install:       |                 ^~~~~~~~~~~~
node_modules/ssh2 install: /home/runner/work/_temp/package-manager-comparison/pnpm-metadata/node-gyp/24.18.0/include/node/v8-message.h:63:17: note:   candidate expects 1 argument, 2 provided
node_modules/ssh2 install: /home/runner/work/_temp/package-manager-comparison/pnpm-metadata/node-gyp/24.18.0/include/node/v8-message.h:63:17: note: candidate: ‘constexpr v8::ScriptOrigin::ScriptOrigin(v8::ScriptOrigin&&)’
node_modules/ssh2 install: /home/runner/work/_temp/package-manager-comparison/pnpm-metadata/node-gyp/24.18.0/include/node/v8-message.h:63:17: note:   candidate expects 1 argument, 2 provided
node_modules/ssh2 install: ../../../../../nan/nan_scriptorigin.h: In constructor ‘Nan::ScriptOrigin::ScriptOrigin(v8::Local<v8::Value>, v8::Local<v8::Integer>)’:
node_modules/ssh2 install: ../../../../../nan/nan_scriptorigin.h:25:52: error: no matching function for call to ‘v8::ScriptOrigin::ScriptOrigin(v8::Isolate*, v8::Local<v8::Value>&, int)’
node_modules/ssh2 install:    25 |                    , To<int32_t>(line).FromMaybe(0)) {}
node_modules/ssh2 install:       |                                                    ^
node_modules/ssh2 install: /home/runner/work/_temp/package-manager-comparison/pnpm-metadata/node-gyp/24.18.0/include/node/v8-message.h:65:13: note: candidate: ‘v8::ScriptOrigin::ScriptOrigin(v8::Local<v8::Value>, int, int, bool, int, v8::Local<v8::Value>, bool, bool, bool, v8::Local<v8::Data>)’
node_modules/ssh2 install:    65 |   V8_INLINE ScriptOrigin(Local<Value> resource_name,
node_modules/ssh2 install:       |             ^~~~~~~~~~~~
node_modules/ssh2 install: /home/runner/work/_temp/package-manager-comparison/pnpm-metadata/node-gyp/24.18.0/include/node/v8-message.h:65:39: note:   no known conversion for argument 1 from ‘v8::Isolate*’ to ‘v8::Local<v8::Value>’
node_modules/ssh2 install:    65 |   V8_INLINE ScriptOrigin(Local<Value> resource_name,
node_modules/ssh2 install:       |                          ~~~~~~~~~~~~~^~~~~~~~~~~~~
node_modules/ssh2 install: /home/runner/work/_temp/package-manager-comparison/pnpm-metadata/node-gyp/24.18.0/include/node/v8-message.h:63:17: note: candidate: ‘constexpr v8::ScriptOrigin::ScriptOrigin(const v8::ScriptOrigin&)’
node_modules/ssh2 install:    63 | class V8_EXPORT ScriptOrigin {
node_modules/ssh2 install:       |                 ^~~~~~~~~~~~
node_modules/ssh2 install: /home/runner/work/_temp/package-manager-comparison/pnpm-metadata/node-gyp/24.18.0/include/node/v8-message.h:63:17: note:   candidate expects 1 argument, 3 provided
node_modules/ssh2 install: /home/runner/work/_temp/package-manager-comparison/pnpm-metadata/node-gyp/24.18.0/include/node/v8-message.h:63:17: note: candidate: ‘constexpr v8::ScriptOrigin::ScriptOrigin(v8::ScriptOrigin&&)’
node_modules/ssh2 install: /home/runner/work/_temp/package-manager-comparison/pnpm-metadata/node-gyp/24.18.0/include/node/v8-message.h:63:17: note:   candidate expects 1 argument, 3 provided
node_modules/ssh2 install: ../../../../../nan/nan_scriptorigin.h: In constructor ‘Nan::ScriptOrigin::ScriptOrigin(v8::Local<v8::Value>, v8::Local<v8::Integer>, v8::Local<v8::Integer>)’:
node_modules/ssh2 install: ../../../../../nan/nan_scriptorigin.h:33:54: error: no matching function for call to ‘v8::ScriptOrigin::ScriptOrigin(v8::Isolate*, v8::Local<v8::Value>&, int, int)’
node_modules/ssh2 install:    33 |                    , To<int32_t>(column).FromMaybe(0)) {}
node_modules/ssh2 install:       |                                                      ^
node_modules/ssh2 install: /home/runner/work/_temp/package-manager-comparison/pnpm-metadata/node-gyp/24.18.0/include/node/v8-message.h:65:13: note: candidate: ‘v8::ScriptOrigin::ScriptOrigin(v8::Local<v8::Value>, int, int, bool, int, v8::Local<v8::Value>, bool, bool, bool, v8::Local<v8::Data>)’
node_modules/ssh2 install:    65 |   V8_INLINE ScriptOrigin(Local<Value> resource_name,
node_modules/ssh2 install:       |             ^~~~~~~~~~~~
node_modules/ssh2 install: /home/runner/work/_temp/package-manager-comparison/pnpm-metadata/node-gyp/24.18.0/include/node/v8-message.h:65:39: note:   no known conversion for argument 1 from ‘v8::Isolate*’ to ‘v8::Local<v8::Value>’
node_modules/ssh2 install:    65 |   V8_INLINE ScriptOrigin(Local<Value> resource_name,
node_modules/ssh2 install:       |                          ~~~~~~~~~~~~~^~~~~~~~~~~~~
node_modules/ssh2 install: /home/runner/work/_temp/package-manager-comparison/pnpm-metadata/node-gyp/24.18.0/include/node/v8-message.h:63:17: note: candidate: ‘constexpr v8::ScriptOrigin::ScriptOrigin(const v8::ScriptOrigin&)’
node_modules/ssh2 install:    63 | class V8_EXPORT ScriptOrigin {
node_modules/ssh2 install:       |                 ^~~~~~~~~~~~
node_modules/ssh2 install: /home/runner/work/_temp/package-manager-comparison/pnpm-metadata/node-gyp/24.18.0/include/node/v8-message.h:63:17: note:   candidate expects 1 argument, 4 provided
node_modules/ssh2 install: /home/runner/work/_temp/package-manager-comparison/pnpm-metadata/node-gyp/24.18.0/include/node/v8-message.h:63:17: note: candidate: ‘constexpr v8::ScriptOrigin::ScriptOrigin(v8::ScriptOrigin&&)’
node_modules/ssh2 install: /home/runner/work/_temp/package-manager-comparison/pnpm-metadata/node-gyp/24.18.0/include/node/v8-message.h:63:17: note:   candidate expects 1 argument, 4 provided
node_modules/ssh2 install: In file included from ../../../../../nan/nan_callbacks.h:87,
node_modules/ssh2 install:                  from ../../../../../nan/nan.h:182:
node_modules/ssh2 install: ../../../../../nan/nan_callbacks_12_inl.h: In instantiation of ‘v8::Local<v8::Object> Nan::FunctionCallbackInfo<T>::Holder() const [with T = v8::Value]’:
node_modules/ssh2 install: ../src/binding.cc:358:77:   required from here
node_modules/ssh2 install: ../../../../../nan/nan_callbacks_12_inl.h:112:62: error: ‘const class v8::FunctionCallbackInfo<v8::Value>’ has no member named ‘Holder’
node_modules/ssh2 install:   112 |   inline v8::Local<v8::Object> Holder() const { return info_.Holder(); }
node_modules/ssh2 install:       |                                                        ~~~~~~^~~~~~
node_modules/ssh2 install: make: *** [sshcrypto.target.mk:116: Release/obj.target/sshcrypto/src/binding.o] Error 1
node_modules/ssh2 install: make: Leaving directory '/home/runner/work/_temp/package-manager-comparison/pnpm/node_modules/ssh2/lib/protocol/crypto/build'
node_modules/ssh2 install: gyp ERR! build error 
node_modules/ssh2 install: gyp ERR! stack Error: `make` failed with exit code: 2
node_modules/ssh2 install: gyp ERR! stack at ChildProcess.<anonymous> (/home/runner/work/_temp/benchmark-tools/node_modules/pnpm/dist/node_modules/node-gyp/lib/build.js:219:23)
node_modules/ssh2 install: gyp ERR! System Linux 6.17.0-1022-azure
node_modules/ssh2 install: gyp ERR! command "/opt/hostedtoolcache/node/24.18.0/x64/bin/node" "/home/runner/work/_temp/benchmark-tools/node_modules/pnpm/dist/node_modules/node-gyp/bin/node-gyp.js" "--target=v24.18.0" "--real_openssl_major=3" "rebuild"
node_modules/ssh2 install: gyp ERR! cwd /home/runner/work/_temp/package-manager-comparison/pnpm/node_modules/ssh2/lib/protocol/crypto
node_modules/ssh2 install: gyp ERR! node -v v24.18.0
node_modules/ssh2 install: gyp ERR! node-gyp -v v12.4.0
node_modules/ssh2 install: gyp ERR! $npm_package_name ssh2
node_modules/ssh2 install: gyp ERR! $npm_package_version 1.16.0
node_modules/ssh2 install: gyp ERR! not ok 
node_modules/ssh2 install: Failed to build optional crypto binding
node_modules/ssh2 install: Done

packages/definitions postinstall$ tsx ./src/docs/codegen.ts
packages/definitions postinstall: Done
Done in 29.3s using pnpm v11.15.1
