bun install v1.4.2 (744846f84)
Resolving dependencies
Resolved, downloaded and extracted [4]

+ @babel/parser@7.29.7
+ @playwright/test@1.61.1
+ @semantic-release/changelog@7.0.0
+ @semantic-release/commit-analyzer@13.0.1
+ @semantic-release/git@11.0.1
+ @semantic-release/github@12.0.9
+ @semantic-release/release-notes-generator@14.1.1
+ @testcontainers/redis@12.0.4
+ @turbo/gen@2.11.7
+ @vitejs/plugin-react@6.0.3
+ @vitest/coverage-istanbul@4.1.10
+ @vitest/ui@4.1.10
+ conventional-changelog-conventionalcommits@10.2.0
+ cross-env@10.1.0
+ jsdom@29.1.1
+ json5@2.2.3
+ oxfmt@0.58.0
+ oxlint@1.73.0
+ semantic-release@25.0.5
+ testcontainers@12.0.4
+ turbo@2.11.7
+ typescript@7.0.2
+ vite@8.1.4
+ vite-tsconfig-paths@6.1.1
+ vitest@4.1.10
+ jsonpath-plus@10.4.0

1999 packages installed [5.62s]
