$ turbo format --continue -- --check

   • Packages in scope: @homarr/analytics, @homarr/api, @homarr/auth, @homarr/boards, @homarr/cli, @homarr/common, @homarr/core, @homarr/cron-job-status, @homarr/cron-jobs, @homarr/cron-jobs-core, @homarr/custom-widgets, @homarr/db, @homarr/definitions, @homarr/docker, @homarr/docs, @homarr/form, @homarr/forms-collection, @homarr/github, @homarr/icons, @homarr/image-proxy, @homarr/integrations, @homarr/modals, @homarr/modals-collection, @homarr/nextjs, @homarr/notifications, @homarr/onboarding, @homarr/ping, @homarr/redis, @homarr/request-handler, @homarr/server-settings, @homarr/settings, @homarr/spotlight, @homarr/tasks, @homarr/translation, @homarr/tsconfig, @homarr/ui, @homarr/validation, @homarr/websocket, @homarr/widgets, @homarr/workshop
   • Running format in 40 packages
   • Remote caching disabled

::group::@homarr/form:format
cache miss, executing 6e7ec364c59cad3c
$ oxfmt . --check
Checking formatting...

All matched files use the correct format.
Finished in 161ms on 5 files using 4 threads.
::endgroup::
::group::@homarr/boards:format
cache miss, executing 1499165e2a970cea
$ oxfmt . --check
Checking formatting...

All matched files use the correct format.
Finished in 186ms on 9 files using 4 threads.
::endgroup::
::group::@homarr/cron-jobs:format
cache miss, executing 51f0fc9cee4177d0
$ oxfmt . --check
Checking formatting...

All matched files use the correct format.
Finished in 173ms on 9 files using 4 threads.
::endgroup::
::group::@homarr/ping:format
cache miss, executing fd455989549f88a3
$ oxfmt . --check
Checking formatting...

All matched files use the correct format.
Finished in 187ms on 4 files using 4 threads.
::endgroup::
::group::@homarr/modals:format
cache miss, executing da899ae18d304ec8
$ oxfmt . --check
Checking formatting...

All matched files use the correct format.
Finished in 188ms on 15 files using 4 threads.
::endgroup::
::group::@homarr/docker:format
cache miss, executing e3fe78fa2eac7510
$ oxfmt . --check
Checking formatting...

All matched files use the correct format.
Finished in 220ms on 17 files using 4 threads.
::endgroup::
::group::@homarr/core:format
cache miss, executing ac607f86147e9303
$ oxfmt . --check
Checking formatting...

All matched files use the correct format.
Finished in 218ms on 40 files using 4 threads.
::endgroup::
::group::@homarr/cron-job-status:format
cache miss, executing 915c30919df52a10
$ oxfmt . --check
Checking formatting...

All matched files use the correct format.
Finished in 220ms on 5 files using 4 threads.
::endgroup::
::group::@homarr/request-handler:format
cache miss, executing c5f02b68b3d04836
$ oxfmt . --check
Checking formatting...

All matched files use the correct format.
Finished in 257ms on 72 files using 4 threads.
::endgroup::
::group::@homarr/custom-widgets:format
cache miss, executing c32018c986c07a2b
$ oxfmt . --check
Checking formatting...

All matched files use the correct format.
Finished in 371ms on 143 files using 4 threads.
::endgroup::
::group::@homarr/icons:format
cache miss, executing 6949b3e789841a75
$ oxfmt . --check
Checking formatting...

All matched files use the correct format.
Finished in 95ms on 14 files using 4 threads.
::endgroup::
::group::@homarr/notifications:format
cache miss, executing e772db5da63fb26b
$ oxfmt . --check
Checking formatting...

All matched files use the correct format.
Finished in 93ms on 5 files using 4 threads.
::endgroup::
::group::@homarr/definitions:format
cache miss, executing 0f1c6f3907feeee2
$ oxfmt . --check
Checking formatting...

All matched files use the correct format.
Finished in 185ms on 41 files using 4 threads.
::endgroup::
::group::@homarr/settings:format
cache miss, executing 054c99ee88038072
$ oxfmt . --check
Checking formatting...

All matched files use the correct format.
Finished in 130ms on 7 files using 4 threads.
::endgroup::
::group::@homarr/db:format
cache miss, executing e7c424b005be3f28
$ oxfmt . --check
Checking formatting...

All matched files use the correct format.
Finished in 381ms on 110 files using 4 threads.
::endgroup::
::group::@homarr/image-proxy:format
cache miss, executing f6f695a50dadf0aa
$ oxfmt . --check
Checking formatting...

All matched files use the correct format.
Finished in 127ms on 3 files using 4 threads.
::endgroup::
::group::@homarr/ui:format
cache miss, executing fe185221e38b4ca9
$ oxfmt . --check
Checking formatting...

All matched files use the correct format.
Finished in 215ms on 68 files using 4 threads.
::endgroup::
::group::@homarr/tasks:format
cache miss, executing efc0ecb0e23725ae
$ oxfmt . --check
Checking formatting...

All matched files use the correct format.
Finished in 180ms on 6 files using 4 threads.
::endgroup::
::group::@homarr/cli:format
cache miss, executing 25abfb8bf4e35a37
$ oxfmt . --check
Checking formatting...

All matched files use the correct format.
Finished in 175ms on 16 files using 4 threads.
::endgroup::
::group::@homarr/websocket:format
cache miss, executing d77b56a7a279ac8c
$ oxfmt . --check
Checking formatting...

All matched files use the correct format.
Finished in 130ms on 3 files using 4 threads.
::endgroup::
::group::@homarr/workshop:format
cache miss, executing b5a28d92d9588560
$ oxfmt . --check
Checking formatting...

All matched files use the correct format.
Finished in 173ms on 8 files using 4 threads.
::endgroup::
::group::@homarr/forms-collection:format
cache miss, executing f6a243142c8d70df
$ oxfmt . --check
Checking formatting...

All matched files use the correct format.
Finished in 143ms on 14 files using 4 threads.
::endgroup::
::group::@homarr/analytics:format
cache miss, executing 64929cd28f4b133c
$ oxfmt . --check
Checking formatting...

All matched files use the correct format.
Finished in 138ms on 8 files using 4 threads.
::endgroup::
::group::@homarr/cron-jobs-core:format
cache miss, executing e49ee3730d6cb12a
$ oxfmt . --check
Checking formatting...

All matched files use the correct format.
Finished in 157ms on 10 files using 4 threads.
::endgroup::
::group::@homarr/onboarding:format
cache miss, executing d3a943e0aa51fc0c
$ oxfmt . --check
Checking formatting...

All matched files use the correct format.
Finished in 241ms on 24 files using 4 threads.
::endgroup::
::group::@homarr/modals-collection:format
cache miss, executing 5bd5201917903eb9
$ oxfmt . --check
Checking formatting...

All matched files use the correct format.
Finished in 158ms on 13 files using 4 threads.
::endgroup::
::group::@homarr/api:format
cache miss, executing 5a06cf5753389210
$ oxfmt . --check
Checking formatting...

All matched files use the correct format.
Finished in 423ms on 232 files using 4 threads.
::endgroup::
::group::@homarr/translation:format
cache miss, executing a212432cf7b1c23f
$ oxfmt . --check
Checking formatting...

All matched files use the correct format.
Finished in 131ms on 23 files using 4 threads.
::endgroup::
::group::@homarr/common:format
cache miss, executing 6bbffcb5cda32f56
$ oxfmt . --check
Checking formatting...

All matched files use the correct format.
Finished in 139ms on 52 files using 4 threads.
::endgroup::
::group::@homarr/redis:format
cache miss, executing 3d53f6bf5efb29af
$ oxfmt . --check
Checking formatting...

All matched files use the correct format.
Finished in 183ms on 8 files using 4 threads.
::endgroup::
::group::@homarr/auth:format
cache miss, executing 797e596050df5f25
$ oxfmt . --check
Checking formatting...

All matched files use the correct format.
Finished in 169ms on 50 files using 4 threads.
::endgroup::
::group::@homarr/validation:format
cache miss, executing 6af0893e2e3ecfbb
$ oxfmt . --check
Checking formatting...

All matched files use the correct format.
Finished in 177ms on 25 files using 4 threads.
::endgroup::
::group::@homarr/nextjs:format
cache miss, executing 45dadc72531b0569
$ oxfmt . --check
Checking formatting...

All matched files use the correct format.
Finished in 1338ms on 739 files using 4 threads.
::endgroup::
::group::@homarr/spotlight:format
cache miss, executing 207c450f2f72b338
$ oxfmt . --check
Checking formatting...

All matched files use the correct format.
Finished in 184ms on 58 files using 4 threads.
::endgroup::
::group::@homarr/widgets:format
cache miss, executing 426d53bd007d1d42
$ oxfmt . --check
Checking formatting...

All matched files use the correct format.
Finished in 404ms on 482 files using 4 threads.
::endgroup::
::group::@homarr/server-settings:format
cache miss, executing 0f44b612e3253bcd
$ oxfmt . --check
Checking formatting...

All matched files use the correct format.
Finished in 184ms on 4 files using 4 threads.
::endgroup::
::group::@homarr/integrations:format
cache miss, executing 91c6366b2880bdf8
$ oxfmt . --check
Checking formatting...

All matched files use the correct format.
Finished in 304ms on 270 files using 4 threads.
::endgroup::
::group::@homarr/docs:format
cache miss, executing c5e946b35fbc2d0a
$ oxfmt . --check
Checking formatting...

All matched files use the correct format.
Finished in 3725ms on 567 files using 4 threads.
::endgroup::

 Tasks:    38 successful, 38 total
Cached:    0 cached, 38 total
  Time:    4.559s 

