$ turbo format --continue -- --check

   • Packages in scope: @homarr/analytics, @homarr/api, @homarr/auth, @homarr/boards, @homarr/cli, @homarr/common, @homarr/core, @homarr/cron-job-status, @homarr/cron-jobs, @homarr/cron-jobs-core, @homarr/custom-widgets, @homarr/db, @homarr/definitions, @homarr/docker, @homarr/docs, @homarr/form, @homarr/forms-collection, @homarr/github, @homarr/icons, @homarr/image-proxy, @homarr/integrations, @homarr/modals, @homarr/modals-collection, @homarr/nextjs, @homarr/notifications, @homarr/onboarding, @homarr/ping, @homarr/redis, @homarr/request-handler, @homarr/server-settings, @homarr/settings, @homarr/spotlight, @homarr/tasks, @homarr/translation, @homarr/tsconfig, @homarr/ui, @homarr/validation, @homarr/websocket, @homarr/widgets, @homarr/workshop
   • Running format in 40 packages
   • Remote caching disabled

::group::@homarr/websocket:format
cache hit, suppressing logs ec94f83397b7dd2d
::endgroup::
::group::@homarr/cron-jobs:format
cache hit, suppressing logs 8954200c9e3f391f
::endgroup::
::group::@homarr/icons:format
cache hit, suppressing logs 70591490f1d2a782
::endgroup::
::group::@homarr/analytics:format
cache hit, suppressing logs f6a4f8b5fed68577
::endgroup::
::group::@homarr/widgets:format
cache hit, suppressing logs 49f10b0ad81a2598
::endgroup::
::group::@homarr/forms-collection:format
cache hit, suppressing logs 2023457cc3a38a38
::endgroup::
::group::@homarr/cli:format
cache hit, suppressing logs d213be5721cd2db1
::endgroup::
::group::@homarr/spotlight:format
cache hit, suppressing logs 88e3bebb64ca9224
::endgroup::
::group::@homarr/modals-collection:format
cache hit, suppressing logs c17123462d86d4d3
::endgroup::
::group::@homarr/auth:format
cache hit, suppressing logs 162bbd57f88423f2
::endgroup::
::group::@homarr/db:format
cache hit, suppressing logs fbb587062ad1b27e
::endgroup::
::group::@homarr/settings:format
cache hit, suppressing logs 8fba8e6c37eb3af6
::endgroup::
::group::@homarr/definitions:format
cache hit, suppressing logs 4c4e81310b31ff3d
::endgroup::
::group::@homarr/cron-jobs-core:format
cache hit, suppressing logs 3b5a5547880a039d
::endgroup::
::group::@homarr/request-handler:format
cache hit, suppressing logs 73a9f079775c2111
::endgroup::
::group::@homarr/image-proxy:format
cache hit, suppressing logs 9348c2b30571b820
::endgroup::
::group::@homarr/core:format
cache hit, suppressing logs 6c90867916fec820
::endgroup::
::group::@homarr/boards:format
cache hit, suppressing logs ef06ca1f2d319897
::endgroup::
::group::@homarr/nextjs:format
cache hit, suppressing logs 24e68ed4a4f6f847
::endgroup::
::group::@homarr/validation:format
cache hit, suppressing logs 240139296a563896
::endgroup::
::group::@homarr/notifications:format
cache hit, suppressing logs 60f5482ecb436945
::endgroup::
::group::@homarr/api:format
cache hit, suppressing logs 988c9503f6de6cb6
::endgroup::
::group::@homarr/custom-widgets:format
cache hit, suppressing logs e0019bdcde6561d7
::endgroup::
::group::@homarr/integrations:format
cache hit, suppressing logs cc93a4295a7b860f
::endgroup::
::group::@homarr/ping:format
cache hit, suppressing logs 399427691127a08c
::endgroup::
::group::@homarr/form:format
cache hit, suppressing logs f425b107ec1f4252
::endgroup::
::group::@homarr/workshop:format
cache hit, suppressing logs 84593982b2e960f1
::endgroup::
::group::@homarr/tasks:format
cache hit, suppressing logs ab8c6ad2b7bf4f90
::endgroup::
::group::@homarr/ui:format
cache hit, suppressing logs 8277305a67d9219c
::endgroup::
::group::@homarr/common:format
cache hit, suppressing logs 0c08a9a4e0974998
::endgroup::
::group::@homarr/onboarding:format
cache hit, suppressing logs ca3eea0533c54202
::endgroup::
::group::@homarr/server-settings:format
cache hit, suppressing logs dae9ed85ab4b1762
::endgroup::
::group::@homarr/redis:format
cache hit, suppressing logs f6e257eb5f3ecf2a
::endgroup::
::group::@homarr/translation:format
cache hit, suppressing logs ab50754019cbc07b
::endgroup::
::group::@homarr/cron-job-status:format
cache hit, suppressing logs 9f04b9c0b39ddda6
::endgroup::
::group::@homarr/docker:format
cache hit, suppressing logs 550b183b246d2901
::endgroup::
::group::@homarr/modals:format
cache hit, suppressing logs bfe0c421838d8053
::endgroup::
[;31m@homarr/docs:format[;0m
cache miss, executing 871d13747ba3d53e
$ oxfmt . --check
Checking formatting...

docs/getting-started/installation/helm.md (347ms)

Format issues found in above 1 files. Run without `--check` to fix.
Finished in 1950ms on 566 files using 4 threads.
[ELIFECYCLE] Command failed with exit code 1.
@homarr/docs#format:  WARNING  command finished with error, but continuing...
::error::command (/home/runner/work/_temp/package-manager-comparison/pnpm/apps/docs) /home/runner/work/_temp/package-manager-comparison/manager-bin/pnpm run format --check exited (1)
@homarr/docs#format:  ERROR  command (/home/runner/work/_temp/package-manager-comparison/pnpm/apps/docs) /home/runner/work/_temp/package-manager-comparison/manager-bin/pnpm run format --check exited (1)

 Tasks:    37 successful, 38 total
Cached:    37 cached, 38 total
  Time:    2.704s 
Failed:    @homarr/docs#format

 ERROR  run failed: command  exited (1)
[ELIFECYCLE] Command failed with exit code 1.
