$ turbo lint --continue

   • Packages in scope: @homarr/analytics, @homarr/api, @homarr/auth, @homarr/boards, @homarr/cli, @homarr/common, @homarr/core, @homarr/cron-job-status, @homarr/cron-jobs, @homarr/cron-jobs-core, @homarr/custom-widgets, @homarr/db, @homarr/definitions, @homarr/docker, @homarr/docs, @homarr/form, @homarr/forms-collection, @homarr/github, @homarr/icons, @homarr/image-proxy, @homarr/integrations, @homarr/modals, @homarr/modals-collection, @homarr/nextjs, @homarr/notifications, @homarr/onboarding, @homarr/ping, @homarr/redis, @homarr/request-handler, @homarr/server-settings, @homarr/settings, @homarr/spotlight, @homarr/tasks, @homarr/translation, @homarr/tsconfig, @homarr/ui, @homarr/validation, @homarr/websocket, @homarr/widgets, @homarr/workshop
   • Running lint in 40 packages
   • Remote caching disabled

::group::@homarr/common:lint
cache hit, replaying logs c4c4d638ec2f98ac
$ oxlint
::warning file=src/encryption.ts,line=24,endLine=24,col=68,endColumn=71,title=eslint(no-shadow)::'key' is already declared in the upper scope.

Found 1 warning and 0 errors.
Finished in 545ms on 50 files with 197 rules using 4 threads.
::endgroup::
::group::@homarr/definitions:lint
cache hit, replaying logs f2a69d3d0175c7e6
$ oxlint
::warning file=src/permissions.ts,line=182,endLine=182,col=38,endColumn=41,title=unicorn(no-useless-spread)::Using a spread operator here creates a new array unnecessarily.
::warning file=src/docs/codegen.ts,line=49,endLine=49,col=65,endColumn=69,title=eslint(no-shadow)::'path' is already declared in the upper scope.
::warning file=src/docs/codegen.ts,line=11,endLine=11,col=7,endColumn=17,title=eslint(no-underscore-dangle)::Unexpected dangling '_' in '`__filename`'.
::warning file=src/docs/codegen.ts,line=12,endLine=12,col=7,endColumn=16,title=eslint(no-underscore-dangle)::Unexpected dangling '_' in '`__dirname`'.

Found 4 warnings and 0 errors.
Finished in 400ms on 39 files with 197 rules using 4 threads.
::endgroup::
::group::@homarr/ping:lint
cache hit, replaying logs cc4f71e3adf041af
$ oxlint
Found 0 warnings and 0 errors.
Finished in 512ms on 2 files with 197 rules using 4 threads.
::endgroup::
::group::@homarr/custom-widgets:lint
cache hit, replaying logs 2064873bccd0ae9f
$ oxlint
::warning file=scripts/generate-component-metadata.ts,line=315,endLine=315,col=62,endColumn=75,title=eslint(no-shadow)::'literalValues' is already declared in the upper scope.
::warning file=src/core/authoring-resources.ts,line=66,endLine=66,col=27,endColumn=31,title=eslint(no-shadow)::'name' is already declared in the upper scope.
::warning file=src/jsx/analyzer-jsx.ts,line=181,endLine=181,col=49,endColumn=53,title=eslint(no-shadow)::'name' is already declared in the upper scope.
::warning file=src/jsx/analyzer-jsx.ts,line=182,endLine=182,col=50,endColumn=54,title=eslint(no-shadow)::'name' is already declared in the upper scope.
::warning file=src/jsx/analyzer-ast.ts,line=40,endLine=40,col=11,endColumn=21,title=eslint(no-underscore-dangle)::Unexpected dangling '_' in '`arguments_`'.

Found 5 warnings and 0 errors.
Finished in 2.9s on 140 files with 197 rules using 4 threads.
::endgroup::
::group::@homarr/docker:lint
cache hit, replaying logs 80f88b3ab0a68458
$ oxlint
Found 0 warnings and 0 errors.
Finished in 447ms on 15 files with 197 rules using 4 threads.
::endgroup::
::group::@homarr/translation:lint
cache hit, replaying logs ef0d7dc965946700
$ oxlint
::warning file=src/mapping.ts,line=3,endLine=3,col=7,endColumn=22,title=eslint(no-underscore-dangle)::Unexpected dangling '_' in '`_enTranslations`'.

Found 1 warning and 0 errors.
Finished in 1.2s on 16 files with 197 rules using 4 threads.
::endgroup::
::group::@homarr/validation:lint
cache hit, replaying logs 1485cfc9c29ededb
$ oxlint
Found 0 warnings and 0 errors.
Finished in 747ms on 23 files with 197 rules using 4 threads.
::endgroup::
::group::@homarr/workshop:lint
cache hit, replaying logs 65e20fe0f2b3b5a8
$ oxlint
Found 0 warnings and 0 errors.
Finished in 164ms on 6 files with 197 rules using 4 threads.
::endgroup::
::group::@homarr/server-settings:lint
cache hit, replaying logs 7dbd4f06fc81009d
$ oxlint
Found 0 warnings and 0 errors.
Finished in 1.4s on 2 files with 197 rules using 4 threads.
::endgroup::
::group::@homarr/auth:lint
cache hit, replaying logs ed45926e2706d442
$ oxlint
::warning file=providers/oidc/oidc-provider.ts,line=41,endLine=41,col=18,endColumn=25,title=eslint(no-shadow)::'headers' is already declared in the upper scope.
::warning file=providers/test/ldap-authorization.spec.ts,line=74,endLine=74,col=11,endColumn=14,title=unicorn(consistent-function-scoping)::Function `act` does not capture any variables from its parent scope
::warning file=providers/test/ldap-authorization.spec.ts,line=95,endLine=95,col=11,endColumn=14,title=unicorn(consistent-function-scoping)::Function `act` does not capture any variables from its parent scope
::warning file=providers/test/ldap-authorization.spec.ts,line=123,endLine=123,col=11,endColumn=14,title=unicorn(consistent-function-scoping)::Function `act` does not capture any variables from its parent scope
::warning file=providers/test/ldap-authorization.spec.ts,line=154,endLine=154,col=11,endColumn=14,title=unicorn(consistent-function-scoping)::Function `act` does not capture any variables from its parent scope
::warning file=test/events.spec.ts,line=41,endLine=41,col=9,endColumn=16,title=eslint(no-shadow)::'cookies' is already declared in the upper scope.

Found 6 warnings and 0 errors.
Finished in 1.5s on 48 files with 197 rules using 4 threads.
::endgroup::
::group::@homarr/db:lint
cache hit, replaying logs f8d0e99709d7466c
$ oxlint
::warning file=migrations/custom/0002_app_widget_show_description_tooltip_to_display_mode.ts,line=19,endLine=19,col=16,endColumn=31,title=import(no-named-as-default-member)::"SuperJSON" also has a named export "parse"
::warning file=migrations/custom/0002_app_widget_show_description_tooltip_to_display_mode.ts,line=33,endLine=33,col=20,endColumn=39,title=import(no-named-as-default-member)::"SuperJSON" also has a named export "stringify"
::warning file=migrations/custom/0002_app_widget_show_description_tooltip_to_display_mode.ts,line=13,endLine=13,col=22,endColumn=24,title=eslint(no-shadow)::'eq' is already declared in the upper scope.
::warning file=migrations/custom/0000_release_widget_provider_to_options.ts,line=20,endLine=20,col=21,endColumn=36,title=import(no-named-as-default-member)::"SuperJSON" also has a named export "parse"
::warning file=migrations/custom/0000_release_widget_provider_to_options.ts,line=53,endLine=53,col=18,endColumn=37,title=import(no-named-as-default-member)::"SuperJSON" also has a named export "stringify"
::warning file=migrations/custom/0000_release_widget_provider_to_options.ts,line=12,endLine=12,col=13,endColumn=18,title=eslint(no-shadow)::'items' is already declared in the upper scope.
::warning file=migrations/custom/0000_release_widget_provider_to_options.ts,line=12,endLine=12,col=22,endColumn=24,title=eslint(no-shadow)::'eq' is already declared in the upper scope.
::warning file=migrations/custom/0003_remove_widget_only_integrations.ts,line=64,endLine=64,col=21,endColumn=36,title=import(no-named-as-default-member)::"SuperJSON" also has a named export "parse"
::warning file=migrations/custom/0003_remove_widget_only_integrations.ts,line=92,endLine=92,col=23,endColumn=42,title=import(no-named-as-default-member)::"SuperJSON" also has a named export "stringify"
::warning file=migrations/custom/0003_remove_widget_only_integrations.ts,line=58,endLine=58,col=13,endColumn=18,title=eslint(no-shadow)::'items' is already declared in the upper scope.
::warning file=migrations/custom/0003_remove_widget_only_integrations.ts,line=58,endLine=58,col=22,endColumn=29,title=eslint(no-shadow)::'inArray' is already declared in the upper scope.
::warning file=test/sqlite-migration.spec.ts,line=160,endLine=160,col=26,endColumn=41,title=import(no-named-as-default-member)::"SuperJSON" also has a named export "parse"
::warning file=test/sqlite-migration.spec.ts,line=178,endLine=178,col=14,endColumn=29,title=import(no-named-as-default-member)::"SuperJSON" also has a named export "parse"
::warning file=test/sqlite-migration.spec.ts,line=182,endLine=182,col=12,endColumn=27,title=import(no-named-as-default-member)::"SuperJSON" also has a named export "parse"
::warning file=test/sqlite-migration.spec.ts,line=246,endLine=246,col=12,endColumn=27,title=import(no-named-as-default-member)::"SuperJSON" also has a named export "parse"
::warning file=test/sqlite-migration.spec.ts,line=252,endLine=252,col=12,endColumn=27,title=import(no-named-as-default-member)::"SuperJSON" also has a named export "parse"
::warning file=test/sqlite-migration.spec.ts,line=262,endLine=262,col=34,endColumn=53,title=import(no-named-as-default-member)::"SuperJSON" also has a named export "stringify"
::warning file=test/sqlite-migration.spec.ts,line=184,endLine=184,col=11,endColumn=27,title=unicorn(consistent-function-scoping)::Function `expectFilledGrid` does not capture any variables from its parent scope
::warning file=test/postgresql-migration.spec.ts,line=83,endLine=83,col=38,endColumn=57,title=import(no-named-as-default-member)::"SuperJSON" also has a named export "stringify"
::warning file=migrations/seed.ts,line=1025,endLine=1025,col=14,endColumn=33,title=import(no-named-as-default-member)::"SuperJSON" also has a named export "stringify"
::warning file=migrations/seed.ts,line=1026,endLine=1026,col=15,endColumn=34,title=import(no-named-as-default-member)::"SuperJSON" also has a named export "stringify"
::warning file=migrations/seed.ts,line=1027,endLine=1027,col=14,endColumn=33,title=import(no-named-as-default-member)::"SuperJSON" also has a named export "stringify"
::warning file=migrations/seed.ts,line=1088,endLine=1088,col=39,endColumn=58,title=import(no-named-as-default-member)::"SuperJSON" also has a named export "stringify"
::warning file=migrations/seed.ts,line=1126,endLine=1126,col=16,endColumn=35,title=import(no-named-as-default-member)::"SuperJSON" also has a named export "stringify"
::warning file=migrations/seed.ts,line=1127,endLine=1127,col=17,endColumn=36,title=import(no-named-as-default-member)::"SuperJSON" also has a named export "stringify"
::warning file=migrations/seed.ts,line=1128,endLine=1128,col=16,endColumn=35,title=import(no-named-as-default-member)::"SuperJSON" also has a named export "stringify"
::warning file=queries/widget-placement.ts,line=115,endLine=115,col=39,endColumn=58,title=import(no-named-as-default-member)::"superjson" also has a named export "stringify"
::warning file=queries/widget-placement.ts,line=119,endLine=119,col=19,endColumn=38,title=import(no-named-as-default-member)::"superjson" also has a named export "stringify"
::warning file=queries/widget-placement.ts,line=148,endLine=148,col=7,endColumn=26,title=import(no-named-as-default-member)::"superjson" also has a named export "stringify"
::warning file=queries/widget-placement.ts,line=165,endLine=165,col=69,endColumn=88,title=import(no-named-as-default-member)::"superjson" also has a named export "stringify"
::warning file=queries/server-setting.ts,line=14,endLine=14,col=36,endColumn=43,title=eslint(no-shadow)::'setting' is already declared in the upper scope.
::warning file=migrations/custom/0001_opnsense_credentials.ts,line=13,endLine=13,col=22,endColumn=24,title=eslint(no-shadow)::'eq' is already declared in the upper scope.

Found 32 warnings and 0 errors.
Finished in 2.0s on 41 files with 197 rules using 4 threads.
::endgroup::
::group::@homarr/icons:lint
cache hit, replaying logs 957a12a381e063b9
$ oxlint
::warning file=src/repositories/github.icon-repository.ts,line=11,endLine=11,col=3,endColumn=14,title=eslint(no-useless-constructor)::Redundant super call in constructor
::warning file=src/repositories/jsdelivr.icon-repository.ts,line=11,endLine=11,col=3,endColumn=14,title=eslint(no-useless-constructor)::Redundant super call in constructor

Found 2 warnings and 0 errors.
Finished in 581ms on 12 files with 197 rules using 4 threads.
::endgroup::
::group::@homarr/core:lint
cache hit, replaying logs 530bf9248c020ce4
$ oxlint
::warning file=src/infrastructure/http/request.ts,line=98,endLine=98,col=18,endColumn=30,title=import(no-named-as-default-member)::"axios" also has a named export "create"
::warning file=src/infrastructure/http/http-agent.ts,line=8,endLine=8,col=1,endColumn=47,title=import(no-unassigned-import)::Imported module should be assigned

Found 2 warnings and 0 errors.
Finished in 255ms on 38 files with 197 rules using 4 threads.
::endgroup::
::group::@homarr/redis:lint
cache hit, replaying logs 45ee605b4d490607
$ oxlint
::warning file=src/lib/channel-subscription-tracker.ts,line=19,endLine=19,col=14,endColumn=40,title=typescript(no-extraneous-class)::Unexpected class with only static properties.
::warning file=src/lib/channel.ts,line=55,endLine=55,col=24,endColumn=39,title=import(no-named-as-default-member)::"superjson" also has a named export "parse"
::warning file=src/lib/channel.ts,line=60,endLine=60,col=18,endColumn=33,title=import(no-named-as-default-member)::"superjson" also has a named export "parse"
::warning file=src/lib/channel.ts,line=69,endLine=69,col=75,endColumn=94,title=import(no-named-as-default-member)::"superjson" also has a named export "stringify"
::warning file=src/lib/channel.ts,line=71,endLine=71,col=68,endColumn=87,title=import(no-named-as-default-member)::"superjson" also has a named export "stringify"
::warning file=src/lib/channel.ts,line=75,endLine=75,col=21,endColumn=36,title=import(no-named-as-default-member)::"superjson" also has a named export "parse"
::warning file=src/lib/channel.ts,line=98,endLine=98,col=34,endColumn=49,title=import(no-named-as-default-member)::"superjson" also has a named export "parse"
::warning file=src/lib/channel.ts,line=105,endLine=105,col=75,endColumn=94,title=import(no-named-as-default-member)::"superjson" also has a named export "stringify"
::warning file=src/lib/channel.ts,line=118,endLine=118,col=73,endColumn=92,title=import(no-named-as-default-member)::"superjson" also has a named export "stringify"
::warning file=src/lib/channel.ts,line=136,endLine=136,col=21,endColumn=36,title=import(no-named-as-default-member)::"superjson" also has a named export "parse"
::warning file=src/lib/channel.ts,line=151,endLine=151,col=21,endColumn=40,title=import(no-named-as-default-member)::"superjson" also has a named export "stringify"
::warning file=src/lib/channel.ts,line=161,endLine=161,col=21,endColumn=40,title=import(no-named-as-default-member)::"superjson" also has a named export "stringify"
::warning file=src/lib/channel.ts,line=164,endLine=164,col=72,endColumn=91,title=import(no-named-as-default-member)::"superjson" also has a named export "stringify"
::warning file=src/lib/channel.ts,line=239,endLine=239,col=9,endColumn=28,title=import(no-named-as-default-member)::"superjson" also has a named export "stringify"
::warning file=src/lib/channel.ts,line=254,endLine=254,col=9,endColumn=28,title=import(no-named-as-default-member)::"superjson" also has a named export "stringify"
::warning file=src/lib/channel.ts,line=791,endLine=791,col=18,endColumn=33,title=import(no-named-as-default-member)::"superjson" also has a named export "parse"
::warning file=src/lib/channel.ts,line=795,endLine=795,col=68,endColumn=87,title=import(no-named-as-default-member)::"superjson" also has a named export "stringify"
::warning file=src/lib/channel.ts,line=798,endLine=798,col=9,endColumn=28,title=import(no-named-as-default-member)::"superjson" also has a named export "stringify"
::warning file=src/lib/channel.ts,line=805,endLine=805,col=9,endColumn=28,title=import(no-named-as-default-member)::"superjson" also has a named export "stringify"
::warning file=src/lib/channel.ts,line=819,endLine=819,col=14,endColumn=29,title=import(no-named-as-default-member)::"superjson" also has a named export "parse"
::warning file=src/lib/channel.ts,line=823,endLine=823,col=34,endColumn=49,title=import(no-named-as-default-member)::"superjson" also has a named export "parse"
::warning file=src/lib/channel.ts,line=833,endLine=833,col=34,endColumn=49,title=import(no-named-as-default-member)::"superjson" also has a named export "parse"
::warning file=src/lib/channel.ts,line=861,endLine=861,col=19,endColumn=34,title=import(no-named-as-default-member)::"superjson" also has a named export "parse"
::warning file=src/lib/channel.ts,line=864,endLine=864,col=69,endColumn=88,title=import(no-named-as-default-member)::"superjson" also has a named export "stringify"
::warning file=src/lib/channel.ts,line=143,endLine=143,col=35,endColumn=42,title=eslint(no-shadow)::'options' is already declared in the upper scope.
::warning file=src/lib/channel.ts,line=888,endLine=888,col=40,endColumn=43,title=eslint(no-underscore-dangle)::Unexpected dangling '_' in '`_id`'.
::warning file=src/lib/channel.ts,line=905,endLine=905,col=54,endColumn=57,title=eslint(no-underscore-dangle)::Unexpected dangling '_' in '`_id`'.

Found 27 warnings and 0 errors.
Finished in 563ms on 6 files with 197 rules using 4 threads.
::endgroup::
::group::@homarr/cron-jobs-core:lint
cache hit, replaying logs be6745cd145d05e0
$ oxlint
Found 0 warnings and 0 errors.
Finished in 418ms on 8 files with 197 rules using 4 threads.
::endgroup::
::group::@homarr/form:lint
cache hit, replaying logs d4e202ae225dd0cd
$ oxlint
Found 0 warnings and 0 errors.
Finished in 1.1s on 3 files with 197 rules using 4 threads.
::endgroup::
::group::@homarr/analytics:lint
cache hit, replaying logs e0691e1ca053248c
$ oxlint
Found 0 warnings and 0 errors.
Finished in 2.0s on 6 files with 197 rules using 4 threads.
::endgroup::
::group::@homarr/settings:lint
cache hit, replaying logs 954617e6e3886942
$ oxlint
Found 0 warnings and 0 errors.
Finished in 1.3s on 5 files with 197 rules using 4 threads.
::endgroup::
::group::@homarr/ui:lint
cache hit, replaying logs 5f28c7c4fb405093
$ oxlint
::warning file=src/integration-select-grid/integration-select-grid.spec.tsx,line=14,endLine=14,col=46,endColumn=75,title=typescript(consistent-type-imports)::`import()` type annotations are forbidden.
::warning file=src/components/masked-image.tsx,line=35,endLine=35,col=7,endColumn=17,title=jsx-a11y(prefer-tag-over-role)::Prefer `img` over `role` attribute `img`.
::warning file=src/icons/create.ts,line=16,endLine=16,col=41,endColumn=45,title=eslint(no-shadow)::'name' is already declared in the upper scope.

Found 3 warnings and 0 errors.
Finished in 1.4s on 58 files with 197 rules using 4 threads.
::endgroup::
::group::@homarr/notifications:lint
cache hit, replaying logs 038d2ae55228f988
$ oxlint
Found 0 warnings and 0 errors.
Finished in 1.0s on 2 files with 197 rules using 4 threads.
::endgroup::
::group::@homarr/cli:lint
cache hit, replaying logs d04457481263c525
$ oxlint
Found 0 warnings and 0 errors.
Finished in 1.9s on 13 files with 197 rules using 4 threads.
::endgroup::
::group::@homarr/cron-job-status:lint
cache hit, replaying logs bec5db1d9476b9ca
$ oxlint
Found 0 warnings and 0 errors.
Finished in 396ms on 3 files with 197 rules using 4 threads.
::endgroup::
::group::@homarr/modals:lint
cache hit, replaying logs 43971a1d69872601
$ oxlint
::warning file=src/reducer.tsx,line=55,endLine=55,col=40,endColumn=45,title=eslint(no-shadow)::'modal' is already declared in the upper scope.
::warning file=src/reducer.tsx,line=62,endLine=62,col=52,endColumn=57,title=eslint(no-shadow)::'modal' is already declared in the upper scope.
::warning file=src/reducer.tsx,line=77,endLine=77,col=10,endColumn=17,title=unicorn(no-array-reverse)::Use `Array#toReversed()` instead of `Array#reverse()`.

Found 3 warnings and 0 errors.
Finished in 1.2s on 12 files with 197 rules using 4 threads.
::endgroup::
::group::@homarr/image-proxy:lint
cache hit, replaying logs 8a5b489551ae3818
$ oxlint
Found 0 warnings and 0 errors.
Finished in 422ms on 1 file with 197 rules using 4 threads.
::endgroup::
::group::@homarr/integrations:lint
cache hit, replaying logs 48ce6e159f2c80e8
$ oxlint
::warning file=src/unifi-controller/test/unifi-controller-integration.spec.ts,line=45,endLine=45,col=20,endColumn=28,title=typescript(no-extraneous-class)::Unexpected empty class.
::warning file=src/unifi-controller/test/unifi-controller-integration.spec.ts,line=46,endLine=46,col=21,endColumn=29,title=typescript(no-extraneous-class)::Unexpected empty class.
::warning file=src/archive-team-warrior/archive-team-warrior-integration.ts,line=3,endLine=3,col=8,endColumn=17,title=import(no-named-as-default)::Module "ws" has named export "WebSocket"
::warning file=src/base/integration.ts,line=59,endLine=59,col=60,endColumn=66,title=eslint(no-shadow)::'secret' is already declared in the upper scope.
::warning file=src/base/integration.ts,line=127,endLine=127,col=30,endColumn=33,title=eslint(no-shadow)::'url' is already declared in the upper scope.
::warning file=src/unifi-controller/unifi-controller-integration.ts,line=147,endLine=147,col=18,endColumn=30,title=import(no-named-as-default-member)::"axios" also has a named export "create"
::warning file=src/unifi-controller/unifi-controller-integration.ts,line=220,endLine=220,col=32,endColumn=38,title=eslint(no-shadow)::'health' is already declared in the upper scope.
::warning file=src/download-client/sabnzbd/sabnzbd-integration.ts,line=47,endLine=47,col=48,endColumn=55,title=unicorn(no-array-reverse)::Use `Array#toReversed()` instead of `Array#reverse()`.
::warning file=src/base/session-store.ts,line=71,endLine=71,col=26,endColumn=41,title=import(no-named-as-default-member)::"superjson" also has a named export "parse"
::warning file=src/base/session-store.ts,line=100,endLine=100,col=46,endColumn=65,title=import(no-named-as-default-member)::"superjson" also has a named export "stringify"
::warning file=src/media-organizer/readarr/readarr-integration.ts,line=108,endLine=108,col=37,endColumn=41,title=unicorn(no-array-sort)::Use `Array#toSorted()` instead of `Array#sort()`.
::warning file=src/proxmox/test/proxmox-error-handler.spec.ts,line=29,endLine=29,col=11,endColumn=22,title=unicorn(consistent-function-scoping)::Function `mockedFetch` does not capture any variables from its parent scope
::warning file=src/media-organizer/radarr/radarr-integration.ts,line=128,endLine=128,col=37,endColumn=41,title=unicorn(no-array-sort)::Use `Array#toSorted()` instead of `Array#sort()`.
::warning file=src/media-organizer/sonarr/sonarr-integration.ts,line=130,endLine=130,col=37,endColumn=41,title=unicorn(no-array-sort)::Use `Array#toSorted()` instead of `Array#sort()`.
::warning file=src/openmediavault/openmediavault-integration.ts,line=60,endLine=60,col=50,endColumn=55,title=eslint(no-shadow)::'smart' is already declared in the upper scope.
::warning file=src/gluetun/test/gluetun-integration.spec.ts,line=395,endLine=395,col=9,endColumn=18,title=unicorn(consistent-function-scoping)::Function `makeInput` does not capture any variables from its parent scope
::warning file=src/media-transcoding/tdarr-integration.ts,line=92,endLine=92,col=18,endColumn=21,title=eslint(no-underscore-dangle)::Unexpected dangling '_' in '`_id`'.
::warning file=src/media-transcoding/tdarr-integration.ts,line=142,endLine=142,col=18,endColumn=21,title=eslint(no-underscore-dangle)::Unexpected dangling '_' in '`_id`'.
::warning file=src/media-transcoding/tdarr-integration.ts,line=184,endLine=184,col=18,endColumn=21,title=eslint(no-underscore-dangle)::Unexpected dangling '_' in '`_id`'.
::warning file=src/truenas/test/truenas-integration.spec.ts,line=18,endLine=18,col=7,endColumn=16,title=unicorn(consistent-function-scoping)::Function `responder` does not capture any variables from its parent scope
::warning file=src/dashdot/dashdot-integration.ts,line=1,endLine=1,col=1,endColumn=24,title=import(no-unassigned-import)::Imported module should be assigned
::warning file=src/immich/immich-integration.ts,line=56,endLine=56,col=3,endColumn=14,title=eslint(no-useless-constructor)::Redundant super call in constructor
::warning file=src/wud/test/wud-integration.spec.ts,line=236,endLine=236,col=9,endColumn=18,title=unicorn(consistent-function-scoping)::Function `makeInput` does not capture any variables from its parent scope
::warning file=test/bindery-integration.spec.ts,line=11,endLine=11,col=44,endColumn=64,title=typescript(consistent-type-imports)::`import()` type annotations are forbidden.
::warning file=test/bindery-integration.spec.ts,line=16,endLine=16,col=44,endColumn=94,title=typescript(consistent-type-imports)::`import()` type annotations are forbidden.
::warning file=src/stats/providers/linkwarden.ts,line=77,endLine=77,col=75,endColumn=81,title=eslint(no-underscore-dangle)::Unexpected dangling '_' in '`_count`'.
::warning file=src/wazuh/wazuh-queries.ts,line=121,endLine=121,col=22,endColumn=29,title=eslint(no-underscore-dangle)::Unexpected dangling '_' in '`_source`'.
::warning file=src/wazuh/wazuh-queries.ts,line=123,endLine=123,col=13,endColumn=16,title=eslint(no-underscore-dangle)::Unexpected dangling '_' in '`_id`'.
::warning file=src/wazuh/wazuh-integration.ts,line=366,endLine=366,col=26,endColumn=33,title=eslint(no-underscore-dangle)::Unexpected dangling '_' in '`_source`'.
::warning file=src/wazuh/wazuh-integration.ts,line=802,endLine=802,col=28,endColumn=35,title=eslint(no-underscore-dangle)::Unexpected dangling '_' in '`_source`'.
::warning file=src/wazuh/wazuh-integration.ts,line=805,endLine=805,col=19,endColumn=22,title=eslint(no-underscore-dangle)::Unexpected dangling '_' in '`_id`'.
::warning file=test/bazarr-unit.spec.ts,line=13,endLine=13,col=44,endColumn=64,title=typescript(consistent-type-imports)::`import()` type annotations are forbidden.
::warning file=test/bazarr-unit.spec.ts,line=18,endLine=18,col=44,endColumn=94,title=typescript(consistent-type-imports)::`import()` type annotations are forbidden.
::warning file=test/lidarr-unit.spec.ts,line=11,endLine=11,col=44,endColumn=64,title=typescript(consistent-type-imports)::`import()` type annotations are forbidden.
::warning file=test/lidarr-unit.spec.ts,line=16,endLine=16,col=44,endColumn=94,title=typescript(consistent-type-imports)::`import()` type annotations are forbidden.
::warning file=test/nzbget.spec.ts,line=176,endLine=176,col=67,endColumn=75,title=eslint(no-shadow)::'username' is already declared in the upper scope.
::warning file=test/nzbget.spec.ts,line=176,endLine=176,col=85,endColumn=93,title=eslint(no-shadow)::'password' is already declared in the upper scope.
::warning file=test/nzbget.spec.ts,line=197,endLine=197,col=3,endColumn=11,title=eslint(no-shadow)::'username' is already declared in the upper scope.
::warning file=test/nzbget.spec.ts,line=198,endLine=198,col=3,endColumn=11,title=eslint(no-shadow)::'password' is already declared in the upper scope.

Found 39 warnings and 0 errors.
Finished in 904ms on 268 files with 197 rules using 4 threads.
::endgroup::
::group::@homarr/request-handler:lint
cache hit, replaying logs 3fe3c5960a26a583
$ oxlint
::warning file=src/release-providers.ts,line=559,endLine=559,col=27,endColumn=33,title=eslint(no-underscore-dangle)::Unexpected dangling '_' in '`_links`'.

Found 1 warning and 0 errors.
Finished in 827ms on 70 files with 197 rules using 4 threads.
::endgroup::
::group::@homarr/cron-jobs:lint
cache hit, replaying logs 9d75ab1a6d37720d
$ oxlint
::warning file=src/job-manager.ts,line=72,endLine=72,col=24,endColumn=26,title=eslint(no-shadow)::'eq' is already declared in the upper scope.
::warning file=src/job-manager.ts,line=128,endLine=128,col=45,endColumn=51,title=eslint(no-shadow)::'config' is already declared in the upper scope.
::warning file=src/jobs/icons-updater.ts,line=98,endLine=98,col=23,endColumn=25,title=eslint(no-shadow)::'db' is already declared in the upper scope.

Found 3 warnings and 0 errors.
Finished in 2.0s on 7 files with 197 rules using 4 threads.
::endgroup::
::group::@homarr/docs:lint
cache hit, replaying logs 18344f2dda7f8e0f
$ oxlint
::warning file=src/components/workshop/DetailSections.tsx,line=33,endLine=33,col=45,endColumn=58,title=jsx-a11y(prefer-tag-over-role)::Prefer `output` over `role` attribute `status`.
::warning file=src/components/ui/field.tsx,line=73,endLine=73,col=7,endColumn=19,title=jsx-a11y(prefer-tag-over-role)::Prefer `address, details, fieldset, hgroup, optgroup` over `role` attribute `group`.
::warning file=src/components/custom-jsx-component-reference.tsx,line=70,endLine=70,col=90,endColumn=94,title=unicorn(no-array-sort)::Use `Array#toSorted()` instead of `Array#sort()`.
::warning file=src/components/custom-jsx-component-reference.tsx,line=74,endLine=74,col=89,endColumn=93,title=unicorn(no-array-sort)::Use `Array#toSorted()` instead of `Array#sort()`.
::warning file=src/components/integrations/secrets.tsx,line=180,endLine=180,col=50,endColumn=55,title=eslint(no-shadow)::'index' is already declared in the upper scope.
::warning file=src/components/ui/input-group.tsx,line=13,endLine=13,col=7,endColumn=19,title=jsx-a11y(prefer-tag-over-role)::Prefer `address, details, fieldset, hgroup, optgroup` over `role` attribute `group`.
::warning file=src/components/ui/input-group.tsx,line=48,endLine=48,col=7,endColumn=19,title=jsx-a11y(prefer-tag-over-role)::Prefer `address, details, fieldset, hgroup, optgroup` over `role` attribute `group`.
::warning file=src/app/(home)/blog/[...slug]/page.tsx,line=108,endLine=113,col=21,endColumn=22,title=jsx-a11y(control-has-associated-label)::A control must be associated with a text label.
::warning file=src/app/(home)/blog/[...slug]/page.tsx,line=132,endLine=132,col=79,endColumn=91,title=jsx-a11y(prefer-tag-over-role)::Prefer `address, details, fieldset, hgroup, optgroup` over `role` attribute `group`.
::warning file=src/app/(home)/blog/[...slug]/page.tsx,line=145,endLine=150,col=19,endColumn=18,title=react(no-unstable-nested-components)::Do not define components during render.
::warning file=src/components/docs/directory-grid.tsx,line=129,endLine=129,col=27,endColumn=37,title=jsx-a11y(prefer-tag-over-role)::Prefer `img` over `role` attribute `img`.
::warning file=src/app/docs/[[...slug]]/page.tsx,line=73,endLine=73,col=44,endColumn=56,title=jsx-a11y(prefer-tag-over-role)::Prefer `address, details, fieldset, hgroup, optgroup` over `role` attribute `group`.
::warning file=src/app/docs/[[...slug]]/page.tsx,line=85,endLine=90,col=19,endColumn=18,title=react(no-unstable-nested-components)::Do not define components during render.
::warning file=scripts/dump-contributors.mjs,line=74,endLine=74,col=42,endColumn=46,title=eslint(no-shadow)::'data' is already declared in the upper scope.
::warning file=scripts/dump-contributors.mjs,line=90,endLine=90,col=11,endColumn=24,title=eslint(no-unused-vars)::Parameter 'contributions' is declared but never used. Unused parameters should start with a '_'.
::warning file=scripts/dump-contributors.mjs,line=89,endLine=89,col=4,endColumn=8,title=unicorn(no-array-sort)::Use `Array#toSorted()` instead of `Array#sort()`.
::warning file=src/app/layout.tsx,line=10,endLine=10,col=1,endColumn=23,title=import(no-unassigned-import)::Imported module should be assigned

Found 17 warnings and 0 errors.
Finished in 3.2s on 305 files with 194 rules using 4 threads.
::endgroup::
::group::@homarr/boards:lint
cache hit, replaying logs d2d8c471a014ea93
$ oxlint
Found 0 warnings and 0 errors.
Finished in 1.9s on 7 files with 197 rules using 4 threads.
::endgroup::
::group::@homarr/forms-collection:lint
cache hit, replaying logs d18acb410cf03b7a
$ oxlint
::warning file=src/new-app/_form.tsx,line=116,endLine=116,col=12,endColumn=24,title=react-hooks(exhaustive-deps)::React hook useImperativeHandle depends on `handleSubmit`, which changes every render
::warning file=src/board-create/board-create-form.tsx,line=67,endLine=67,col=11,endColumn=20,title=jsx-a11y(no-autofocus)::The `autoFocus` attribute is found here, which can cause usability issues for sighted and non-sighted users.

Found 2 warnings and 0 errors.
Finished in 1.7s on 11 files with 197 rules using 4 threads.
::endgroup::
::group::@homarr/websocket:lint
cache hit, replaying logs aceff4ee13c83389
$ oxlint
Found 0 warnings and 0 errors.
Finished in 1.6s on 1 file with 197 rules using 4 threads.
::endgroup::
::group::@homarr/modals-collection:lint
cache hit, replaying logs f43e5fda65b46896
$ oxlint
::warning file=src/search-engines/request-media-modal.tsx,line=60,endLine=60,col=11,endColumn=27,title=react-hooks(exhaustive-deps)::React Hook useMemo has missing dependencies: 'requestedSeasons', and 't'
::warning file=src/search-engines/request-media-modal.tsx,line=67,endLine=67,col=5,endColumn=29,title=react-hooks(exhaustive-deps)::React Hook useMemo has unnecessary dependency: data.requestedSeasons

Found 2 warnings and 0 errors.
Finished in 1.6s on 11 files with 197 rules using 4 threads.
::endgroup::
::group::@homarr/api:lint
cache hit, replaying logs beea5a99d147e83d
$ oxlint
::warning file=src/router/integration/integration-test-connection.ts,line=113,endLine=113,col=24,endColumn=28,title=eslint(no-shadow)::'kind' is already declared in the upper scope.
::warning file=src/router/kubernetes/router/ingresses.ts,line=44,endLine=44,col=15,endColumn=23,title=unicorn(consistent-function-scoping)::Function `getPaths` does not capture any variables from its parent scope
::warning file=src/router/board/test/grid-algorithm.spec.ts,line=397,endLine=397,col=19,endColumn=49,title=unicorn(no-new-array)::Do not use `new Array(singleArgument)`.
::warning file=src/router/test/docker/docker-router.spec.ts,line=104,endLine=104,col=47,endColumn=51,title=eslint(no-underscore-dangle)::Unexpected dangling '_' in '`_def`'.
::warning file=src/router/widgets/options.ts,line=50,endLine=50,col=31,endColumn=46,title=import(no-named-as-default-member)::"SuperJSON" also has a named export "parse"
::warning file=src/router/widgets/options.ts,line=62,endLine=62,col=25,endColumn=44,title=import(no-named-as-default-member)::"SuperJSON" also has a named export "stringify"
::warning file=src/router/board.ts,line=548,endLine=548,col=29,endColumn=44,title=import(no-named-as-default-member)::"superjson" also has a named export "parse"
::warning file=src/router/board.ts,line=1674,endLine=1674,col=70,endColumn=89,title=import(no-named-as-default-member)::"superjson" also has a named export "stringify"
::warning file=src/router/board.ts,line=1708,endLine=1708,col=26,endColumn=45,title=import(no-named-as-default-member)::"superjson" also has a named export "stringify"
::warning file=src/router/board.ts,line=1709,endLine=1709,col=34,endColumn=53,title=import(no-named-as-default-member)::"superjson" also has a named export "stringify"
::warning file=src/router/board.ts,line=1767,endLine=1767,col=26,endColumn=45,title=import(no-named-as-default-member)::"superjson" also has a named export "stringify"
::warning file=src/router/board.ts,line=1768,endLine=1768,col=34,endColumn=53,title=import(no-named-as-default-member)::"superjson" also has a named export "stringify"
::warning file=src/router/board.ts,line=1799,endLine=1799,col=70,endColumn=89,title=import(no-named-as-default-member)::"superjson" also has a named export "stringify"
::warning file=src/router/board.ts,line=1873,endLine=1873,col=72,endColumn=91,title=import(no-named-as-default-member)::"superjson" also has a named export "stringify"
::warning file=src/router/board.ts,line=1910,endLine=1910,col=28,endColumn=47,title=import(no-named-as-default-member)::"superjson" also has a named export "stringify"
::warning file=src/router/board.ts,line=1911,endLine=1911,col=36,endColumn=55,title=import(no-named-as-default-member)::"superjson" also has a named export "stringify"
::warning file=src/router/board.ts,line=1976,endLine=1976,col=26,endColumn=45,title=import(no-named-as-default-member)::"superjson" also has a named export "stringify"
::warning file=src/router/board.ts,line=1977,endLine=1977,col=34,endColumn=53,title=import(no-named-as-default-member)::"superjson" also has a named export "stringify"
::warning file=src/router/board.ts,line=2005,endLine=2005,col=70,endColumn=89,title=import(no-named-as-default-member)::"superjson" also has a named export "stringify"
::warning file=src/router/board.ts,line=2322,endLine=2322,col=20,endColumn=39,title=import(no-named-as-default-member)::"superjson" also has a named export "stringify"
::warning file=src/router/board.ts,line=2958,endLine=2958,col=18,endColumn=33,title=import(no-named-as-default-member)::"superjson" also has a named export "parse"
::warning file=src/router/board.ts,line=2983,endLine=2983,col=28,endColumn=43,title=import(no-named-as-default-member)::"superjson" also has a named export "parse"
::warning file=src/router/board.ts,line=2984,endLine=2984,col=20,endColumn=35,title=import(no-named-as-default-member)::"superjson" also has a named export "parse"
::warning file=src/router/board.ts,line=432,endLine=432,col=37,endColumn=40,title=eslint(no-shadow)::'sql' is already declared in the upper scope.
::warning file=src/router/board.ts,line=445,endLine=445,col=32,endColumn=35,title=eslint(no-shadow)::'asc' is already declared in the upper scope.
::warning file=src/router/board.ts,line=2495,endLine=2495,col=9,endColumn=15,title=eslint(no-shadow)::'boards' is already declared in the upper scope.
::warning file=src/router/board.ts,line=2503,endLine=2503,col=6,endColumn=11,title=eslint(no-shadow)::'board' is already declared in the upper scope.
::warning file=src/router/board.ts,line=2946,endLine=2946,col=11,endColumn=19,title=eslint(no-shadow)::'sections' is already declared in the upper scope.
::warning file=src/router/board.ts,line=2946,endLine=2946,col=21,endColumn=26,title=eslint(no-shadow)::'items' is already declared in the upper scope.
::warning file=src/router/board.ts,line=2946,endLine=2946,col=28,endColumn=35,title=eslint(no-shadow)::'layouts' is already declared in the upper scope.
::warning file=src/router/board.ts,line=2982,endLine=2982,col=49,endColumn=53,title=eslint(no-shadow)::'item' is already declared in the upper scope.
::warning file=src/router/test/widgets/rssFeed.spec.ts,line=263,endLine=263,col=22,endColumn=41,title=import(no-named-as-default-member)::"SuperJSON" also has a named export "stringify"
::warning file=src/router/widgets/rssFeed.ts,line=140,endLine=140,col=20,endColumn=35,title=import(no-named-as-default-member)::"SuperJSON" also has a named export "parse"
::warning file=src/router/test/widgets/calendar.spec.ts,line=13,endLine=13,col=9,endColumn=21,title=eslint(no-shadow)::'getDataAsync' is already declared in the upper scope.
::warning file=src/router/test/widgets/options.spec.ts,line=32,endLine=32,col=14,endColumn=33,title=import(no-named-as-default-member)::"SuperJSON" also has a named export "stringify"
::warning file=src/router/test/widgets/options.spec.ts,line=59,endLine=59,col=12,endColumn=27,title=import(no-named-as-default-member)::"SuperJSON" also has a named export "parse"
::warning file=src/router/test/widgets/options.spec.ts,line=75,endLine=75,col=12,endColumn=27,title=import(no-named-as-default-member)::"SuperJSON" also has a named export "parse"
::warning file=src/router/test/widgets/options.spec.ts,line=81,endLine=81,col=21,endColumn=36,title=import(no-named-as-default-member)::"SuperJSON" also has a named export "parse"
::warning file=src/router/test/widgets/options.spec.ts,line=86,endLine=86,col=23,endColumn=42,title=import(no-named-as-default-member)::"SuperJSON" also has a named export "stringify"
::warning file=src/router/group.ts,line=147,endLine=147,col=13,endColumn=19,title=eslint(no-shadow)::'groups' is already declared in the upper scope.
::warning file=src/router/section/section-router.ts,line=44,endLine=44,col=26,endColumn=41,title=import(no-named-as-default-member)::"superjson" also has a named export "parse"
::warning file=src/router/app/app-access-control.ts,line=44,endLine=44,col=33,endColumn=48,title=import(no-named-as-default-member)::"SuperJSON" also has a named export "parse"
::warning file=src/router/app/app-access-control.ts,line=48,endLine=48,col=31,endColumn=46,title=import(no-named-as-default-member)::"SuperJSON" also has a named export "parse"
::warning file=src/router/app.ts,line=327,endLine=327,col=11,endColumn=15,title=eslint(no-shadow)::'apps' is already declared in the upper scope.
::warning file=src/router/onboard/onboard-router.ts,line=641,endLine=641,col=27,endColumn=42,title=import(no-named-as-default-member)::"SuperJSON" also has a named export "parse"
::warning file=src/router/onboard/onboard-router.ts,line=819,endLine=819,col=30,endColumn=49,title=import(no-named-as-default-member)::"SuperJSON" also has a named export "stringify"
::warning file=src/router/onboard/onboard-router.ts,line=836,endLine=836,col=28,endColumn=47,title=import(no-named-as-default-member)::"SuperJSON" also has a named export "stringify"
::warning file=src/router/onboard/onboard-router.ts,line=846,endLine=846,col=29,endColumn=48,title=import(no-named-as-default-member)::"SuperJSON" also has a named export "stringify"
::warning file=src/router/onboard/onboard-router.ts,line=852,endLine=852,col=31,endColumn=50,title=import(no-named-as-default-member)::"SuperJSON" also has a named export "stringify"
::warning file=src/router/onboard/onboard-router.ts,line=858,endLine=858,col=33,endColumn=52,title=import(no-named-as-default-member)::"SuperJSON" also has a named export "stringify"
::warning file=src/router/onboard/onboard-router.ts,line=892,endLine=892,col=24,endColumn=43,title=import(no-named-as-default-member)::"SuperJSON" also has a named export "stringify"
::warning file=src/router/onboard/onboard-router.ts,line=902,endLine=902,col=44,endColumn=63,title=import(no-named-as-default-member)::"SuperJSON" also has a named export "stringify"
::warning file=src/router/onboard/onboard-router.ts,line=915,endLine=915,col=20,endColumn=39,title=import(no-named-as-default-member)::"SuperJSON" also has a named export "stringify"
::warning file=src/router/onboard/onboard-router.ts,line=995,endLine=995,col=21,endColumn=40,title=import(no-named-as-default-member)::"SuperJSON" also has a named export "stringify"
::warning file=src/router/onboard/onboard-router.ts,line=996,endLine=996,col=18,endColumn=37,title=import(no-named-as-default-member)::"SuperJSON" also has a named export "stringify"
::warning file=src/router/onboard/onboard-router.ts,line=997,endLine=997,col=20,endColumn=39,title=import(no-named-as-default-member)::"SuperJSON" also has a named export "stringify"
::warning file=src/router/onboard/onboard-router.ts,line=1001,endLine=1001,col=16,endColumn=35,title=import(no-named-as-default-member)::"SuperJSON" also has a named export "stringify"
::warning file=src/router/onboard/onboard-router.ts,line=829,endLine=829,col=60,endColumn=64,title=eslint(no-shadow)::'kind' is already declared in the upper scope.
::warning file=src/router/onboard/onboard-router.ts,line=844,endLine=844,col=46,endColumn=49,title=eslint(no-shadow)::'app' is already declared in the upper scope.
::warning file=src/router/onboard/onboard-router.ts,line=203,endLine=203,col=13,endColumn=23,title=unicorn(consistent-function-scoping)::Function `cdnIconUrl` does not capture any variables from its parent scope
::warning file=src/router/widgets/notebook.ts,line=34,endLine=34,col=23,endColumn=38,title=import(no-named-as-default-member)::"SuperJSON" also has a named export "parse"
::warning file=src/router/widgets/notebook.ts,line=38,endLine=38,col=25,endColumn=44,title=import(no-named-as-default-member)::"SuperJSON" also has a named export "stringify"
::warning file=src/router/test/onboard.spec.ts,line=140,endLine=140,col=16,endColumn=35,title=import(no-named-as-default-member)::"SuperJSON" also has a named export "stringify"
::warning file=src/router/test/onboard.spec.ts,line=660,endLine=660,col=12,endColumn=27,title=import(no-named-as-default-member)::"SuperJSON" also has a named export "parse"
::warning file=src/router/test/onboard.spec.ts,line=684,endLine=684,col=42,endColumn=57,title=import(no-named-as-default-member)::"SuperJSON" also has a named export "parse"
::warning file=src/router/test/onboard.spec.ts,line=971,endLine=971,col=76,endColumn=78,title=eslint(no-shadow)::'eq' is already declared in the upper scope.
::warning file=src/router/test/onboard.spec.ts,line=998,endLine=998,col=29,endColumn=31,title=eslint(no-shadow)::'eq' is already declared in the upper scope.
::warning file=src/router/test/onboard.spec.ts,line=998,endLine=998,col=33,endColumn=40,title=eslint(no-shadow)::'inArray' is already declared in the upper scope.
::warning file=src/router/test/onboard.spec.ts,line=42,endLine=42,col=35,endColumn=59,title=typescript(consistent-type-imports)::`import()` type annotations are forbidden.
::warning file=src/router/test/onboard.spec.ts,line=237,endLine=237,col=9,endColumn=25,title=unicorn(consistent-function-scoping)::Function `releaseDiscovery` does not capture any variables from its parent scope
::warning file=src/router/widgets/releases.ts,line=60,endLine=60,col=29,endColumn=44,title=import(no-named-as-default-member)::"SuperJSON" also has a named export "parse"
::warning file=src/router/test/board.spec.ts,line=421,endLine=421,col=58,endColumn=77,title=import(no-named-as-default-member)::"SuperJSON" also has a named export "stringify"
::warning file=src/router/test/board.spec.ts,line=539,endLine=539,col=16,endColumn=35,title=import(no-named-as-default-member)::"SuperJSON" also has a named export "stringify"
::warning file=src/router/test/board.spec.ts,line=910,endLine=910,col=14,endColumn=33,title=import(no-named-as-default-member)::"SuperJSON" also has a named export "stringify"
::warning file=src/router/test/board.spec.ts,line=1405,endLine=1405,col=12,endColumn=27,title=import(no-named-as-default-member)::"SuperJSON" also has a named export "parse"
::warning file=src/router/test/board.spec.ts,line=1525,endLine=1525,col=36,endColumn=55,title=import(no-named-as-default-member)::"SuperJSON" also has a named export "stringify"
::warning file=src/router/test/board.spec.ts,line=1614,endLine=1614,col=16,endColumn=35,title=import(no-named-as-default-member)::"SuperJSON" also has a named export "stringify"
::warning file=src/router/test/board.spec.ts,line=1681,endLine=1681,col=12,endColumn=27,title=import(no-named-as-default-member)::"SuperJSON" also has a named export "parse"
::warning file=src/router/test/board.spec.ts,line=1744,endLine=1744,col=12,endColumn=27,title=import(no-named-as-default-member)::"SuperJSON" also has a named export "parse"
::warning file=src/router/test/board.spec.ts,line=2177,endLine=2177,col=16,endColumn=35,title=import(no-named-as-default-member)::"SuperJSON" also has a named export "stringify"
::warning file=src/router/test/board.spec.ts,line=2504,endLine=2504,col=14,endColumn=33,title=import(no-named-as-default-member)::"SuperJSON" also has a named export "stringify"
::warning file=src/router/test/board.spec.ts,line=2552,endLine=2552,col=14,endColumn=33,title=import(no-named-as-default-member)::"SuperJSON" also has a named export "stringify"
::warning file=src/router/test/board.spec.ts,line=2580,endLine=2580,col=14,endColumn=33,title=import(no-named-as-default-member)::"SuperJSON" also has a named export "stringify"
::warning file=src/router/test/board.spec.ts,line=1314,endLine=1314,col=72,endColumn=79,title=eslint(no-shadow)::'section' is already declared in the upper scope.
::warning file=src/router/test/board.spec.ts,line=1521,endLine=1521,col=66,endColumn=70,title=eslint(no-shadow)::'item' is already declared in the upper scope.
::warning file=src/router/test/board.spec.ts,line=2744,endLine=2744,col=51,endColumn=55,title=eslint(no-shadow)::'line' is already declared in the upper scope.
::warning file=src/router/test/board.spec.ts,line=2750,endLine=2750,col=33,endColumn=38,title=eslint(no-shadow)::'entry' is already declared in the upper scope.
::warning file=src/router/home.ts,line=22,endLine=22,col=49,endColumn=51,title=eslint(no-shadow)::'db' is already declared in the upper scope.

Found 88 warnings and 0 errors.
Finished in 2.8s on 230 files with 197 rules using 4 threads.
::endgroup::
::group::@homarr/spotlight:lint
cache hit, replaying logs dd4aff3b7364e9e8
$ oxlint
::warning file=src/lib/interaction.ts,line=54,endLine=54,col=60,endColumn=71,title=eslint(no-shadow)::'interaction' is already declared in the upper scope.
::warning file=src/modes/external/search-engines-search-group.tsx,line=233,endLine=233,col=62,endColumn=67,title=eslint(no-shadow)::'query' is already declared in the upper scope.
::warning file=src/modes/home/context.tsx,line=125,endLine=125,col=9,endColumn=27,title=react-hooks(exhaustive-deps)::React Hook useEffect has a complex expression in the dependency array.
::warning file=src/modes/home/context.tsx,line=116,endLine=116,col=7,endColumn=14,title=react-hooks(exhaustive-deps)::React Hook useEffect has missing dependencies: 'context', and 'items'
::warning file=src/components/actions/group-actions.tsx,line=51,endLine=51,col=10,endColumn=14,title=unicorn(no-array-sort)::Use `Array#toSorted()` instead of `Array#sort()`.
::warning file=src/modes/command/children/new-integration.tsx,line=16,endLine=16,col=8,endColumn=12,title=unicorn(no-array-sort)::Use `Array#toSorted()` instead of `Array#sort()`.

Found 6 warnings and 0 errors.
Finished in 1.5s on 53 files with 197 rules using 4 threads.
::endgroup::
::group::@homarr/onboarding:lint
cache hit, replaying logs 8fa9a66a5d4dec26
$ oxlint
::warning file=src/onboarding-wordmark.tsx,line=95,endLine=95,col=7,endColumn=17,title=jsx-a11y(prefer-tag-over-role)::Prefer `img` over `role` attribute `img`.
::warning file=src/setup-studio.tsx,line=724,endLine=724,col=43,endColumn=56,title=jsx-a11y(prefer-tag-over-role)::Prefer `dialog` over `role` attribute `dialog`.

Found 2 warnings and 0 errors.
Finished in 1.5s on 21 files with 197 rules using 4 threads.
::endgroup::
::group::@homarr/nextjs:lint
cache hit, replaying logs 30b523f46bf2782c
$ oxlint
::warning file=src/app/[locale]/manage/integrations/_components/test-connection/integration-test-connection-error.tsx,line=103,endLine=103,col=51,endColumn=56,title=eslint(no-shadow)::'cause' is already declared in the upper scope.
::warning file=src/app/[locale]/manage/integrations/_components/test-connection/integration-test-connection-error.tsx,line=45,endLine=49,col=24,endColumn=20,title=react(no-unstable-nested-components)::Do not define components during render.
::warning file=src/app/[locale]/manage/integrations/_components/test-connection/integration-test-connection-error.tsx,line=57,endLine=61,col=24,endColumn=20,title=react(no-unstable-nested-components)::Do not define components during render.
::warning file=src/app/[locale]/manage/integrations/_components/test-connection/test-connection-certificate.tsx,line=184,endLine=191,col=19,endColumn=10,title=react(no-unstable-nested-components)::Do not define components during render.
::warning file=src/app/[locale]/manage/users/[userId]/general/_components/_profile-avatar-form.tsx,line=144,endLine=144,col=12,endColumn=18,title=unicorn(prefer-add-event-listener)::Prefer `addEventListener()` over their `on`-function counterparts.
::warning file=src/app/[locale]/manage/users/[userId]/general/_components/_profile-avatar-form.tsx,line=145,endLine=145,col=12,endColumn=19,title=unicorn(prefer-add-event-listener)::Prefer `addEventListener()` over their `on`-function counterparts.
::warning file=src/components/board/board-select.tsx,line=22,endLine=30,col=21,endColumn=8,title=react(no-unstable-nested-components)::Do not define components during render.
::warning file=src/components/board/board-layout-thumbnail.tsx,line=36,endLine=36,col=43,endColumn=53,title=jsx-a11y(prefer-tag-over-role)::Prefer `img` over `role` attribute `img`.
::warning file=src/components/board/board-layout-thumbnail.tsx,line=54,endLine=54,col=43,endColumn=53,title=jsx-a11y(prefer-tag-over-role)::Prefer `img` over `role` attribute `img`.
::warning file=src/components/board/board-layout-thumbnail.tsx,line=71,endLine=71,col=38,endColumn=48,title=jsx-a11y(prefer-tag-over-role)::Prefer `img` over `role` attribute `img`.
::warning file=src/app/[locale]/manage/tools/api/components/scalar-api-reference-frame.tsx,line=10,endLine=10,col=11,endColumn=17,title=react(iframe-missing-sandbox)::An iframe element is missing a sandbox attribute
::warning file=src/app/[locale]/manage/search-engines/edit/[id]/_search-engine-edit-form.tsx,line=54,endLine=54,col=48,endColumn=49,title=eslint(no-shadow)::'t' is already declared in the upper scope.
::warning file=src/app/[locale]/manage/integrations/new/_integration-new-form.tsx,line=92,endLine=92,col=36,endColumn=40,title=eslint(no-shadow)::'kind' is already declared in the upper scope.
::warning file=src/app/[locale]/manage/integrations/new/_integration-new-form.tsx,line=125,endLine=125,col=11,endColumn=14,title=eslint(no-shadow)::'url' is already declared in the upper scope.
::warning file=src/app/[locale]/manage/integrations/new/_integration-new-form.tsx,line=194,endLine=194,col=41,endColumn=45,title=eslint(no-shadow)::'kind' is already declared in the upper scope.
::warning file=src/app/[locale]/manage/integrations/new/_integration-new-form.tsx,line=185,endLine=185,col=63,endColumn=72,title=jsx-a11y(no-autofocus)::The `autoFocus` attribute is found here, which can cause usability issues for sighted and non-sighted users.
::warning file=src/app/[locale]/manage/users/create/_components/create-user-stepper.tsx,line=127,endLine=127,col=7,endColumn=15,title=react-hooks(exhaustive-deps)::React hook useCallback depends on `allForms`, which changes every render
::warning file=src/app/[locale]/manage/search-engines/new/_search-engine-new-form.tsx,line=44,endLine=44,col=48,endColumn=49,title=eslint(no-shadow)::'t' is already declared in the upper scope.
::warning file=src/app/[locale]/manage/users/groups/_components/group-create-form.tsx,line=49,endLine=49,col=50,endColumn=59,title=jsx-a11y(no-autofocus)::The `autoFocus` attribute is found here, which can cause usability issues for sighted and non-sighted users.
::warning file=src/app/[locale]/manage/tools/api/components/scalar-api-reference.tsx,line=8,endLine=8,col=1,endColumn=48,title=import(no-unassigned-import)::Imported module should be assigned
::warning file=src/app/[locale]/manage/tools/api/components/scalar-api-reference.tsx,line=9,endLine=9,col=1,endColumn=29,title=import(no-unassigned-import)::Imported module should be assigned
::warning file=src/app/[locale]/manage/tools/kubernetes/ingresses/ingresses-table.tsx,line=52,endLine=52,col=13,endColumn=27,title=unicorn(consistent-function-scoping)::Function `getAbsoluteUrl` does not capture any variables from its parent scope
::warning file=src/app/[locale]/manage/users/groups/[id]/_reserved-group-alert.tsx,line=17,endLine=26,col=23,endColumn=10,title=react(no-unstable-nested-components)::Do not define components during render.
::warning file=src/app/[locale]/manage/boards/_components/duplicate-board-form.tsx,line=74,endLine=74,col=11,endColumn=20,title=jsx-a11y(no-autofocus)::The `autoFocus` attribute is found here, which can cause usability issues for sighted and non-sighted users.
::warning file=src/app/[locale]/manage/tools/docker/logs/[containerId]/page.tsx,line=8,endLine=8,col=1,endColumn=37,title=import(no-unassigned-import)::Imported module should be assigned
::warning file=src/app/[locale]/boards/(content)/_query-snapshot.ts,line=89,endLine=89,col=24,endColumn=43,title=import(no-named-as-default-member)::"superjson" also has a named export "stringify"
::warning file=src/app/[locale]/boards/(content)/_query-snapshot.ts,line=134,endLine=134,col=16,endColumn=35,title=import(no-named-as-default-member)::"superjson" also has a named export "stringify"
::warning file=src/app/[locale]/boards/(content)/_query-snapshot.ts,line=135,endLine=135,col=18,endColumn=33,title=import(no-named-as-default-member)::"superjson" also has a named export "parse"
::warning file=src/components/layout/header/tour-target.tsx,line=8,endLine=8,col=40,endColumn=83,title=typescript(consistent-type-imports)::`import()` type annotations are forbidden.
::warning file=src/components/layout/header/burger.tsx,line=12,endLine=12,col=50,endColumn=59,title=eslint(no-shadow)::'collapsed' is already declared in the upper scope.
::warning file=src/components/board/items/lazy-widget-edit-modal.tsx,line=184,endLine=194,col=21,endColumn=6,title=react(no-unstable-nested-components)::Do not define components during render.
::warning file=src/app/[locale]/_client-providers/mantine.tsx,line=39,endLine=39,col=17,endColumn=38,title=unicorn(consistent-function-scoping)::Function `updateCookieValue` does not capture any variables from its parent scope
::warning file=src/components/board/items/item-content.tsx,line=123,endLine=123,col=23,endColumn=117,title=react(no-unstable-nested-components)::Do not define components during render.
::warning file=src/components/board/items/item-content.tsx,line=350,endLine=358,col=27,endColumn=12,title=react(no-unstable-nested-components)::Do not define components during render.
::warning file=src/components/board/items/item-content.tsx,line=493,endLine=501,col=27,endColumn=12,title=react(no-unstable-nested-components)::Do not define components during render.
::warning file=src/app/[locale]/manage/tools/docker/docker-table.tsx,line=272,endLine=272,col=55,endColumn=60,title=eslint(no-shadow)::'table' is already declared in the upper scope.
::warning file=src/errors/trpc-catch-error.ts,line=1,endLine=1,col=1,endColumn=22,title=import(no-unassigned-import)::Imported module should be assigned
::warning file=src/components/assistant/assistant-conversation-context.tsx,line=522,endLine=522,col=13,endColumn=23,title=jsx-a11y(prefer-tag-over-role)::Prefer `img` over `role` attribute `img`.
::warning file=src/app/[locale]/boards/[name]/settings/_background.tsx,line=158,endLine=158,col=25,endColumn=28,title=jsx-a11y(img-redundant-alt)::Redundant `alt` attribute.
::warning file=src/components/assistant/assistant-message-content.tsx,line=384,endLine=384,col=12,endColumn=18,title=unicorn(prefer-add-event-listener)::Prefer `addEventListener()` over their `on`-function counterparts.
::warning file=src/components/assistant/assistant-message-content.tsx,line=387,endLine=387,col=12,endColumn=19,title=unicorn(prefer-add-event-listener)::Prefer `addEventListener()` over their `on`-function counterparts.
::warning file=src/app/api/assistant/chat/assistant-tool-policy.spec.ts,line=290,endLine=290,col=9,endColumn=17,title=unicorn(consistent-function-scoping)::Function `toolStep` does not capture any variables from its parent scope
::warning file=src/app/api/assistant/chat/assistant-tool-policy.spec.ts,line=291,endLine=291,col=9,endColumn=24,title=unicorn(consistent-function-scoping)::Function `placementChoice` does not capture any variables from its parent scope
::warning file=src/app/[locale]/manage/medias/_actions/upload-media.tsx,line=10,endLine=10,col=14,endColumn=31,title=unicorn(consistent-function-scoping)::Function `onSettledAsync` does not capture any variables from its parent scope
::warning file=src/app/[locale]/manage/users/_components/user-list.tsx,line=31,endLine=38,col=15,endColumn=10,title=react(no-unstable-nested-components)::Do not define components during render.
::warning file=src/app/[locale]/manage/users/_components/user-list.tsx,line=44,endLine=53,col=15,endColumn=10,title=react(no-unstable-nested-components)::Do not define components during render.
::warning file=src/app/[locale]/manage/users/groups/_groups-table.tsx,line=96,endLine=96,col=18,endColumn=26,title=eslint(no-shadow)::'groupIds' is already declared in the upper scope.
::warning file=src/app/[locale]/manage/tools/logs/level-selection.tsx,line=19,endLine=19,col=28,endColumn=33,title=eslint(no-shadow)::'level' is already declared in the upper scope.
::warning file=src/components/board/items/item-select-modal.spec.tsx,line=149,endLine=149,col=11,endColumn=19,title=unicorn(consistent-function-scoping)::Function `FakeIcon` does not capture any variables from its parent scope
::warning file=src/app/[locale]/manage/tools/certificates/page.tsx,line=51,endLine=51,col=6,endColumn=10,title=unicorn(no-array-sort)::Use `Array#toSorted()` instead of `Array#sort()`.
::warning file=src/components/layout/header/tour-target.spec.ts,line=52,endLine=52,col=11,endColumn=19,title=react(no-children-prop)::Avoid passing children using a prop.
::warning file=src/components/layout/header/tour-target.spec.ts,line=52,endLine=52,col=64,endColumn=72,title=react(no-children-prop)::Avoid passing children using a prop.
::warning file=src/app/[locale]/manage/users/groups/_client.tsx,line=25,endLine=25,col=18,endColumn=22,title=unicorn(no-array-sort)::Use `Array#toSorted()` instead of `Array#sort()`.
::warning file=src/app/[locale]/_client-providers/trpc.tsx,line=208,endLine=208,col=26,endColumn=47,title=import(no-named-as-default-member)::"superjson" also has a named export "deserialize"
::warning file=src/app/[locale]/manage/tools/logs/page.tsx,line=5,endLine=5,col=1,endColumn=37,title=import(no-unassigned-import)::Imported module should be assigned
::warning file=src/components/onboarding/tour-shell.tsx,line=133,endLine=158,col=15,endColumn=8,title=react(no-unstable-nested-components)::Do not define components during render.
::warning file=src/components/onboarding/tour-shell.tsx,line=159,endLine=165,col=27,endColumn=8,title=react(no-unstable-nested-components)::Do not define components during render.
::warning file=src/components/onboarding/tour-shell.tsx,line=166,endLine=169,col=26,endColumn=8,title=react(no-unstable-nested-components)::Do not define components during render.
::warning file=src/components/onboarding/tour-shell.tsx,line=170,endLine=181,col=27,endColumn=8,title=react(no-unstable-nested-components)::Do not define components during render.
::warning file=src/components/onboarding/tour-shell.tsx,line=182,endLine=186,col=23,endColumn=8,title=react(no-unstable-nested-components)::Do not define components during render.
::warning file=src/app/api/user-medias/[id]/route.ts,line=28,endLine=28,col=23,endColumn=41,title=import(no-named-as-default-member)::"DOMPurify" also has a named export "sanitize"
::warning file=src/app/[locale]/manage/about/page.tsx,line=164,endLine=164,col=30,endColumn=37,title=eslint(no-shadow)::'version' is already declared in the upper scope.
::warning file=src/app/[locale]/manage/about/page.tsx,line=216,endLine=216,col=33,endColumn=36,title=eslint(no-shadow)::'key' is already declared in the upper scope.
::warning file=next.config.ts,line=4,endLine=4,col=1,endColumn=27,title=import(no-unassigned-import)::Imported module should be assigned
::warning file=next.config.ts,line=5,endLine=5,col=1,endColumn=45,title=import(no-unassigned-import)::Imported module should be assigned
::warning file=next.config.ts,line=6,endLine=6,col=1,endColumn=29,title=import(no-unassigned-import)::Imported module should be assigned
::warning file=next.config.ts,line=7,endLine=7,col=1,endColumn=47,title=import(no-unassigned-import)::Imported module should be assigned
::warning file=next.config.ts,line=8,endLine=8,col=1,endColumn=29,title=import(no-unassigned-import)::Imported module should be assigned
::warning file=src/app/[locale]/compose.tsx,line=8,endLine=8,col=19,endColumn=26,title=unicorn(no-array-reverse)::Use `Array#toReversed()` instead of `Array#reverse()`.
::warning file=src/app/[locale]/layout.tsx,line=4,endLine=4,col=1,endColumn=55,title=import(no-unassigned-import)::Imported module should be assigned
::warning file=src/app/[locale]/layout.tsx,line=5,endLine=5,col=1,endColumn=43,title=import(no-unassigned-import)::Imported module should be assigned
::warning file=src/app/[locale]/layout.tsx,line=6,endLine=6,col=1,endColumn=39,title=import(no-unassigned-import)::Imported module should be assigned
::warning file=src/app/[locale]/layout.tsx,line=7,endLine=7,col=1,endColumn=39,title=import(no-unassigned-import)::Imported module should be assigned
::warning file=src/app/[locale]/layout.tsx,line=8,endLine=8,col=1,endColumn=32,title=import(no-unassigned-import)::Imported module should be assigned
::warning file=src/app/[locale]/layout.tsx,line=9,endLine=9,col=1,endColumn=44,title=import(no-unassigned-import)::Imported module should be assigned
::warning file=src/app/[locale]/layout.tsx,line=10,endLine=10,col=1,endColumn=39,title=import(no-unassigned-import)::Imported module should be assigned
::warning file=src/app/[locale]/layout.tsx,line=11,endLine=11,col=1,endColumn=37,title=import(no-unassigned-import)::Imported module should be assigned
::warning file=src/app/[locale]/layout.tsx,line=12,endLine=12,col=1,endColumn=36,title=import(no-unassigned-import)::Imported module should be assigned

Found 78 warnings and 0 errors.
Finished in 1.1s on 697 files with 197 rules using 4 threads.
::endgroup::
::group::@homarr/tasks:lint
cache hit, replaying logs 2c639cf1ba473dbb
$ oxlint
::warning file=src/main.ts,line=2,endLine=2,col=1,endColumn=22,title=import(no-unassigned-import)::Imported module should be assigned

Found 1 warning and 0 errors.
Finished in 911ms on 4 files with 197 rules using 4 threads.
::endgroup::
::group::@homarr/widgets:lint
cache hit, replaying logs 2b18c6290d32b9ad
$ oxlint
::warning file=src/health-monitoring/index.ts,line=77,endLine=77,col=76,endColumn=105,title=unicorn(no-useless-length-check)::Found a useless array length check
::warning file=src/health-monitoring/index.ts,line=83,endLine=83,col=76,endColumn=105,title=unicorn(no-useless-length-check)::Found a useless array length check
::warning file=src/speedtest-tracker/recent-results.tsx,line=249,endLine=263,col=18,endColumn=10,title=react(no-unstable-nested-components)::Do not define components during render.
::warning file=src/speedtest-tracker/recent-results.tsx,line=358,endLine=372,col=18,endColumn=10,title=react(no-unstable-nested-components)::Do not define components during render.
::warning file=src/common/homarr-data-table.tsx,line=3,endLine=3,col=1,endColumn=34,title=import(no-unassigned-import)::Imported module should be assigned
::warning file=src/anchor-note/component.tsx,line=20,endLine=20,col=1,endColumn=28,title=import(no-unassigned-import)::Imported module should be assigned
::warning file=src/weather/animated-icon.tsx,line=3,endLine=3,col=1,endColumn=32,title=import(no-unassigned-import)::Imported module should be assigned
::warning file=src/downloads/component.tsx,line=3,endLine=3,col=1,endColumn=32,title=import(no-unassigned-import)::Imported module should be assigned
::warning file=src/downloads/component.tsx,line=4,endLine=4,col=1,endColumn=23,title=import(no-unassigned-import)::Imported module should be assigned
::warning file=src/downloads/component.tsx,line=806,endLine=806,col=22,endColumn=97,title=react(no-unstable-nested-components)::Do not define components during render.
::warning file=src/anchor-note/editor.tsx,line=11,endLine=11,col=1,endColumn=46,title=import(no-unassigned-import)::Imported module should be assigned
::warning file=src/notebook/notebook.tsx,line=234,endLine=234,col=20,endColumn=26,title=eslint(no-shadow)::'editor' is already declared in the upper scope.
::warning file=src/notebook/notebook.tsx,line=237,endLine=237,col=20,endColumn=26,title=eslint(no-shadow)::'editor' is already declared in the upper scope.
::warning file=src/notebook/notebook.tsx,line=67,endLine=67,col=1,endColumn=37,title=import(no-unassigned-import)::Imported module should be assigned
::warning file=src/notebook/notebook.tsx,line=68,endLine=68,col=1,endColumn=25,title=import(no-unassigned-import)::Imported module should be assigned
::warning file=src/video/component.tsx,line=13,endLine=13,col=1,endColumn=37,title=import(no-unassigned-import)::Imported module should be assigned
::warning file=src/video/component.tsx,line=82,endLine=82,col=17,endColumn=24,title=react-hooks(exhaustive-deps)::React Hook useEffect has missing dependencies: 'options.hasAutoPlay', 'options.isMuted', 'options.feedUrl', and 'options.hasControls'
::warning file=src/docker/component.tsx,line=3,endLine=3,col=1,endColumn=23,title=import(no-unassigned-import)::Imported module should be assigned

Found 18 warnings and 0 errors.
Finished in 2.3s on 432 files with 197 rules using 4 threads.
::endgroup::

 Tasks:    38 successful, 38 total
Cached:    38 cached, 38 total
  Time:    207ms >>> FULL TURBO

