$ turbo format --continue -- --check

   • Packages in scope: @homarr/analytics, @homarr/api, @homarr/auth, @homarr/boards, @homarr/cli, @homarr/common, @homarr/core, @homarr/cron-job-status, @homarr/cron-jobs, @homarr/cron-jobs-core, @homarr/custom-widgets, @homarr/db, @homarr/definitions, @homarr/docker, @homarr/docs, @homarr/form, @homarr/forms-collection, @homarr/github, @homarr/icons, @homarr/image-proxy, @homarr/integrations, @homarr/modals, @homarr/modals-collection, @homarr/nextjs, @homarr/notifications, @homarr/onboarding, @homarr/ping, @homarr/redis, @homarr/request-handler, @homarr/server-settings, @homarr/settings, @homarr/spotlight, @homarr/tasks, @homarr/translation, @homarr/tsconfig, @homarr/ui, @homarr/validation, @homarr/websocket, @homarr/widgets, @homarr/workshop
   • Running format in 40 packages
   • Remote caching disabled

::group::@homarr/ping:format
cache hit, suppressing logs fd455989549f88a3
::endgroup::
::group::@homarr/cron-jobs-core:format
cache hit, suppressing logs e49ee3730d6cb12a
::endgroup::
::group::@homarr/workshop:format
cache hit, suppressing logs b5a28d92d9588560
::endgroup::
::group::@homarr/analytics:format
cache hit, suppressing logs 64929cd28f4b133c
::endgroup::
::group::@homarr/docker:format
cache hit, suppressing logs e3fe78fa2eac7510
::endgroup::
::group::@homarr/websocket:format
cache hit, suppressing logs d77b56a7a279ac8c
::endgroup::
::group::@homarr/cron-jobs:format
cache hit, suppressing logs 51f0fc9cee4177d0
::endgroup::
::group::@homarr/request-handler:format
cache hit, suppressing logs c5f02b68b3d04836
::endgroup::
::group::@homarr/modals:format
cache hit, suppressing logs da899ae18d304ec8
::endgroup::
::group::@homarr/form:format
cache hit, suppressing logs 6e7ec364c59cad3c
::endgroup::
::group::@homarr/core:format
cache hit, suppressing logs ac607f86147e9303
::endgroup::
::group::@homarr/definitions:format
cache hit, suppressing logs 0f1c6f3907feeee2
::endgroup::
::group::@homarr/translation:format
cache hit, suppressing logs a212432cf7b1c23f
::endgroup::
::group::@homarr/api:format
cache hit, suppressing logs 5a06cf5753389210
::endgroup::
::group::@homarr/image-proxy:format
cache hit, suppressing logs f6f695a50dadf0aa
::endgroup::
::group::@homarr/forms-collection:format
cache hit, suppressing logs f6a243142c8d70df
::endgroup::
::group::@homarr/spotlight:format
cache hit, suppressing logs 207c450f2f72b338
::endgroup::
::group::@homarr/cron-job-status:format
cache hit, suppressing logs 915c30919df52a10
::endgroup::
::group::@homarr/modals-collection:format
cache hit, suppressing logs 5bd5201917903eb9
::endgroup::
::group::@homarr/validation:format
cache hit, suppressing logs 6af0893e2e3ecfbb
::endgroup::
::group::@homarr/cli:format
cache hit, suppressing logs 25abfb8bf4e35a37
::endgroup::
::group::@homarr/settings:format
cache hit, suppressing logs 054c99ee88038072
::endgroup::
::group::@homarr/common:format
cache hit, suppressing logs 6bbffcb5cda32f56
::endgroup::
::group::@homarr/boards:format
cache hit, suppressing logs 1499165e2a970cea
::endgroup::
::group::@homarr/ui:format
cache hit, suppressing logs fe185221e38b4ca9
::endgroup::
::group::@homarr/docs:format
cache hit, suppressing logs c5e946b35fbc2d0a
::endgroup::
::group::@homarr/server-settings:format
cache hit, suppressing logs 0f44b612e3253bcd
::endgroup::
::group::@homarr/tasks:format
cache hit, suppressing logs efc0ecb0e23725ae
::endgroup::
::group::@homarr/auth:format
cache hit, suppressing logs 797e596050df5f25
::endgroup::
::group::@homarr/integrations:format
cache hit, suppressing logs 91c6366b2880bdf8
::endgroup::
::group::@homarr/custom-widgets:format
cache hit, suppressing logs c32018c986c07a2b
::endgroup::
::group::@homarr/db:format
cache hit, suppressing logs e7c424b005be3f28
::endgroup::
::group::@homarr/nextjs:format
cache hit, suppressing logs 45dadc72531b0569
::endgroup::
::group::@homarr/widgets:format
cache hit, suppressing logs 426d53bd007d1d42
::endgroup::
::group::@homarr/redis:format
cache hit, suppressing logs 3d53f6bf5efb29af
::endgroup::
::group::@homarr/notifications:format
cache hit, suppressing logs e772db5da63fb26b
::endgroup::
::group::@homarr/icons:format
cache hit, suppressing logs 6949b3e789841a75
::endgroup::
::group::@homarr/onboarding:format
cache hit, suppressing logs d3a943e0aa51fc0c
::endgroup::

 Tasks:    38 successful, 38 total
Cached:    38 cached, 38 total
  Time:    153ms >>> FULL TURBO

