{
  "outputPath": "/home/runner/work/homarr/homarr/benchmark-results/production-migration/comparison-1.json",
  "schemaVersion": 1,
  "comparison": "runtime-migration",
  "claimEligible": false,
  "claimIneligibleReasons": [
    "build measured revisions do not match"
  ],
  "claimScope": {
    "build": "alternating warm incremental Docker source rebuilds",
    "runtime": "fresh authenticated Chromium documents against one warmed, network-isolated app container"
  },
  "limitations": [
    "build series report controlled medians, not statistical significance",
    "runtime documents share one warmed server",
    "widget settlement covers observed non-subscription tRPC requests followed by the configured quiet window",
    "startup, RAM levels, initial bundle data, and cold Spotlight timings remain single-container diagnostics"
  ],
  "build": {
    "seriesId": "bun-migration",
    "baselineFingerprint": "bb36b1ea47504bbb9175e6f735841e0f2ad3dcf4aac1cb1b18be76c8b72a9e2a",
    "candidateFingerprint": "1c92097faef1cd672e4314dbb57490c1275d507c270bb813ab41598401a39e11",
    "wallTimeMs": {
      "baseline": {
        "count": 2,
        "min": 50938,
        "median": 54421.5,
        "p95": null,
        "max": 57905,
        "standardDeviation": 3484,
        "outliers": [
          57905
        ]
      },
      "candidate": {
        "count": 2,
        "min": 36806,
        "median": 38246.5,
        "p95": null,
        "max": 39687,
        "standardDeviation": 1441,
        "outliers": [
          39687
        ]
      },
      "comparison": {
        "baseline": 54421.5,
        "candidate": 38246.5,
        "delta": -16175,
        "improvementPercent": 29.721709250939426
      }
    },
    "nextCompileMs": {
      "baseline": {
        "count": 2,
        "min": 4300,
        "median": 4800,
        "p95": null,
        "max": 5300,
        "standardDeviation": 500,
        "outliers": [
          5300
        ]
      },
      "candidate": {
        "count": 2,
        "min": 3700,
        "median": 4250,
        "p95": null,
        "max": 4800,
        "standardDeviation": 550,
        "outliers": [
          4800
        ]
      },
      "comparison": {
        "baseline": 4800,
        "candidate": 4250,
        "delta": -550,
        "improvementPercent": 11.458333333333332
      }
    }
  },
  "runtime": {
    "boardMountedMs": {
      "baseline": {
        "count": 20,
        "min": 324,
        "median": 455,
        "p95": 597,
        "max": 602,
        "standardDeviation": 82,
        "outliers": []
      },
      "candidate": {
        "count": 20,
        "min": 522,
        "median": 561,
        "p95": 610,
        "max": 700,
        "standardDeviation": 38,
        "outliers": [
          603,
          610,
          700
        ]
      },
      "comparison": {
        "baseline": 455,
        "candidate": 561,
        "delta": 106,
        "improvementPercent": -23.296703296703296
      }
    },
    "fcpMs": {
      "baseline": {
        "count": 20,
        "min": 180,
        "median": 222,
        "p95": 392,
        "max": 572,
        "standardDeviation": 88,
        "outliers": [
          392,
          572
        ]
      },
      "candidate": {
        "count": 20,
        "min": 152,
        "median": 192,
        "p95": 228,
        "max": 508,
        "standardDeviation": 72,
        "outliers": [
          228,
          508
        ]
      },
      "comparison": {
        "baseline": 222,
        "candidate": 192,
        "delta": -30,
        "improvementPercent": 13.513513513513514
      }
    },
    "lcpMs": {
      "baseline": {
        "count": 20,
        "min": 1352,
        "median": 1416,
        "p95": 1600,
        "max": 1620,
        "standardDeviation": 75,
        "outliers": [
          1620
        ]
      },
      "candidate": {
        "count": 20,
        "min": 1332,
        "median": 1372,
        "p95": 1432,
        "max": 1444,
        "standardDeviation": 28,
        "outliers": [
          1432,
          1444
        ]
      },
      "comparison": {
        "baseline": 1416,
        "candidate": 1372,
        "delta": -44,
        "improvementPercent": 3.1073446327683616
      }
    },
    "ttfbMs": {
      "baseline": {
        "count": 20,
        "min": 75,
        "median": 91.5,
        "p95": 106,
        "max": 195,
        "standardDeviation": 25,
        "outliers": [
          195
        ]
      },
      "candidate": {
        "count": 20,
        "min": 65,
        "median": 70.5,
        "p95": 81,
        "max": 96,
        "standardDeviation": 7,
        "outliers": [
          96
        ]
      },
      "comparison": {
        "baseline": 91.5,
        "candidate": 70.5,
        "delta": -21,
        "improvementPercent": 22.950819672131146
      }
    },
    "widgetImplementationsMountedMs": {
      "baseline": {
        "count": 20,
        "min": 1385,
        "median": 1446,
        "p95": 1615,
        "max": 1656,
        "standardDeviation": 73,
        "outliers": []
      },
      "candidate": {
        "count": 20,
        "min": 1396,
        "median": 1509.5,
        "p95": 1569,
        "max": 1571,
        "standardDeviation": 40,
        "outliers": []
      },
      "comparison": {
        "baseline": 1446,
        "candidate": 1509.5,
        "delta": 63.5,
        "improvementPercent": -4.391424619640387
      }
    },
    "widgetDataSettledMs": {
      "baseline": {
        "count": 20,
        "min": 2006,
        "median": 2085,
        "p95": 2261,
        "max": 2289,
        "standardDeviation": 75,
        "outliers": [
          2261,
          2289
        ]
      },
      "candidate": {
        "count": 20,
        "min": 1970,
        "median": 2012,
        "p95": 2075,
        "max": 2075,
        "standardDeviation": 31,
        "outliers": []
      },
      "comparison": {
        "baseline": 2085,
        "candidate": 2012,
        "delta": -73,
        "improvementPercent": 3.501199040767386
      }
    }
  },
  "diagnostics": {
    "baseline": {
      "startToReadyMs": 3648,
      "coldSpotlightFeedbackMs": null,
      "coldSpotlightReadyMs": 1020,
      "postIdleFirstOpenMs": 175,
      "memory": {
        "startupBytes": 237666304,
        "workloadBytes": 483360768,
        "settledBytes": 470376448,
        "maximumSampleBytes": 483360768,
        "peakBytes": 495869952,
        "growthBytes": -13512704,
        "growthPercent": -2.795573181479222,
        "settle": {
          "count": 20,
          "minBytes": 453804032,
          "medianBytes": 469848064,
          "p95Bytes": 474435584,
          "maxBytes": 476610560,
          "standardDeviationBytes": 6030257,
          "trendBytesPerHour": 97217292.78549165,
          "anonymous": {
            "count": 20,
            "minBytes": 301924352,
            "medianBytes": 317380608,
            "p95Bytes": 322093056,
            "maxBytes": 324145152,
            "standardDeviationBytes": 5838650,
            "trendBytesPerHour": 92874327.57254843
          },
          "file": {
            "count": 20,
            "minBytes": 135942144,
            "medianBytes": 135985152,
            "p95Bytes": 136024064,
            "maxBytes": 136032256,
            "standardDeviationBytes": 27178,
            "trendBytesPerHour": 563921.1257799385
          }
        },
        "cpu": {
          "startupToWorkload": {
            "usageUsec": 30114184,
            "userUsec": 24905620,
            "systemUsec": 5208563,
            "nrThrottled": 20,
            "throttledUsec": 1661939
          },
          "workloadToSettled": {
            "usageUsec": 6752294,
            "userUsec": 5103451,
            "systemUsec": 1648843,
            "nrThrottled": 3,
            "throttledUsec": 523884
          }
        }
      }
    },
    "candidate": {
      "startToReadyMs": 2484,
      "coldSpotlightFeedbackMs": null,
      "coldSpotlightReadyMs": 738,
      "postIdleFirstOpenMs": 167,
      "memory": {
        "startupBytes": 199593984,
        "workloadBytes": 629092352,
        "settledBytes": 514637824,
        "maximumSampleBytes": 629092352,
        "peakBytes": 649609216,
        "growthBytes": -98048000,
        "growthPercent": -15.585628992037087,
        "settle": {
          "count": 20,
          "minBytes": 510070784,
          "medianBytes": 531044352,
          "p95Bytes": 599777280,
          "maxBytes": 601034752,
          "standardDeviationBytes": 29651855,
          "trendBytesPerHour": -571811497.2598917,
          "anonymous": {
            "count": 20,
            "minBytes": 492072960,
            "medianBytes": 513054720,
            "p95Bytes": 582164480,
            "maxBytes": 583168000,
            "standardDeviationBytes": 29700413,
            "trendBytesPerHour": -572437399.4328201
          },
          "file": {
            "count": 20,
            "minBytes": 11829248,
            "medianBytes": 11876352,
            "p95Bytes": 11915264,
            "maxBytes": 11919360,
            "standardDeviationBytes": 27089,
            "trendBytesPerHour": 562068.6750986504
          }
        },
        "cpu": {
          "startupToWorkload": {
            "usageUsec": 23036059,
            "userUsec": 19285756,
            "systemUsec": 3750302,
            "nrThrottled": 1,
            "throttledUsec": 18141
          },
          "workloadToSettled": {
            "usageUsec": 11402485,
            "userUsec": 9969804,
            "systemUsec": 1432682,
            "nrThrottled": 0,
            "throttledUsec": 0
          }
        }
      }
    }
  }
}
